52.26.161.96 - - [14/Feb/2025:17:50:04 +0530] "GET /career HTTP/1.1" 301 245 "-" "Mozilla/5.0 (Windows NT 10.0; Win64; x64) AppleWebKit/537.36 (KHTML, like Gecko) Chrome/60.0.3112.113 Safari/537.36"
3.128.63.195 - - [14/Feb/2025:17:50:20 +0530] "GET /career HTTP/1.1" 301 245 "-" "Mozilla/5.0 (Windows NT 10.0; Win64; x64) AppleWebKit/537.36 (KHTML, like Gecko) Chrome/60.0.3112.113 Safari/537.36"
52.26.161.96 - - [14/Feb/2025:18:07:01 +0530] "GET /career HTTP/1.1" 301 245 "-" "Mozilla/5.0 (Windows NT 10.0; Win64; x64) AppleWebKit/537.36 (KHTML, like Gecko) Chrome/60.0.3112.113 Safari/537.36"
52.26.161.96 - - [14/Feb/2025:18:08:44 +0530] "GET /career HTTP/1.1" 301 245 "-" "Mozilla/5.0 (Windows NT 10.0; Win64; x64) AppleWebKit/537.36 (KHTML, like Gecko) Chrome/60.0.3112.113 Safari/537.36"
18.219.101.101 - - [14/Feb/2025:18:10:29 +0530] "GET /career HTTP/1.1" 301 245 "-" "Mozilla/5.0 (Windows NT 10.0; Win64; x64) AppleWebKit/537.36 (KHTML, like Gecko) Chrome/60.0.3112.113 Safari/537.36"
3.98.194.109 - - [14/Feb/2025:18:10:30 +0530] "GET /career HTTP/1.1" 301 245 "-" "Mozilla/5.0 (Windows NT 10.0; Win64; x64) AppleWebKit/537.36 (KHTML, like Gecko) Chrome/60.0.3112.113 Safari/537.36"
3.128.63.195 - - [14/Feb/2025:18:27:55 +0530] "GET /career HTTP/1.1" 301 245 "-" "Mozilla/5.0 (Windows NT 10.0; Win64; x64) AppleWebKit/537.36 (KHTML, like Gecko) Chrome/60.0.3112.113 Safari/537.36"
18.219.101.101 - - [14/Feb/2025:18:27:57 +0530] "GET /career HTTP/1.1" 301 245 "-" "Mozilla/5.0 (Windows NT 10.0; Win64; x64) AppleWebKit/537.36 (KHTML, like Gecko) Chrome/60.0.3112.113 Safari/537.36"
194.226.139.239 - - [14/Feb/2025:18:31:56 +0530] "GET /thanks/ HTTP/1.0" 301 238 "http://anandaloke.com/thanks/" "Mozilla/5.0 (Windows NT 10.0; Win64; x64) AppleWebKit/537.36 (KHTML, like Gecko) Chrome/103.0.0.0 Safari/537.36"
192.145.45.41 - - [14/Feb/2025:18:43:41 +0530] "GET / HTTP/1.1" 301 231 "-" "Mozilla/5.0 (Windows NT 10.0; Win64; x64) AppleWebKit/537.36 (KHTML, like Gecko) Chrome/100.0.9582.175 Safari/537.36"
3.97.210.2 - - [14/Feb/2025:18:48:00 +0530] "GET /career HTTP/1.1" 301 245 "-" "Mozilla/5.0 (Windows NT 10.0; Win64; x64) AppleWebKit/537.36 (KHTML, like Gecko) Chrome/60.0.3112.113 Safari/537.36"
52.26.161.96 - - [14/Feb/2025:18:48:03 +0530] "GET /career HTTP/1.1" 301 245 "-" "Mozilla/5.0 (Windows NT 10.0; Win64; x64) AppleWebKit/537.36 (KHTML, like Gecko) Chrome/60.0.3112.113 Safari/537.36"
52.26.161.96 - - [14/Feb/2025:18:48:05 +0530] "GET /career HTTP/1.1" 301 245 "-" "Mozilla/5.0 (Windows NT 10.0; Win64; x64) AppleWebKit/537.36 (KHTML, like Gecko) Chrome/60.0.3112.113 Safari/537.36"
52.26.161.96 - - [14/Feb/2025:18:48:07 +0530] "GET /career HTTP/1.1" 301 245 "-" "Mozilla/5.0 (Windows NT 10.0; Win64; x64) AppleWebKit/537.36 (KHTML, like Gecko) Chrome/60.0.3112.113 Safari/537.36"
27.60.191.141 - - [14/Feb/2025:18:48:24 +0530] "GET /career HTTP/1.1" 301 245 "-" "Mozilla/5.0 (Linux; Android 14; 23124RN87I Build/UP1A.231005.007; wv) AppleWebKit/537.36 (KHTML, like Gecko) Version/4.0 Chrome/132.0.6834.163 Mobile Safari/537.36"
3.98.194.109 - - [14/Feb/2025:18:48:26 +0530] "GET /career HTTP/1.1" 301 245 "-" "Mozilla/5.0 (Windows NT 10.0; Win64; x64) AppleWebKit/537.36 (KHTML, like Gecko) Chrome/60.0.3112.113 Safari/537.36"
3.97.210.2 - - [14/Feb/2025:19:00:23 +0530] "GET /career HTTP/1.1" 301 245 "-" "Mozilla/5.0 (Windows NT 10.0; Win64; x64) AppleWebKit/537.36 (KHTML, like Gecko) Chrome/60.0.3112.113 Safari/537.36"
52.26.161.96 - - [14/Feb/2025:19:00:25 +0530] "GET /career HTTP/1.1" 301 245 "-" "Mozilla/5.0 (Windows NT 10.0; Win64; x64) AppleWebKit/537.36 (KHTML, like Gecko) Chrome/60.0.3112.113 Safari/537.36"
182.42.104.32 - - [14/Feb/2025:19:06:36 +0530] "GET / HTTP/1.1" 301 235 "-" "Mozilla/5.0 (iPhone; CPU iPhone OS 13_2_3 like Mac OS X) AppleWebKit/605.1.15 (KHTML, like Gecko) Version/13.0.3 Mobile/15E148 Safari/604.1"
205.210.31.241 - - [14/Feb/2025:19:12:16 +0530] "GET / HTTP/1.1" 301 235 "-" "Expanse, a Palo Alto Networks company, searches across the global IPv4 space multiple times per day to identify customers&#39; presences on the Internet. If you would like to be excluded from our scans, please send IP addresses/domains to: scaninfo@paloaltonetworks.com"
3.128.63.195 - - [14/Feb/2025:19:21:19 +0530] "GET /career HTTP/1.1" 301 245 "-" "Mozilla/5.0 (Windows NT 10.0; Win64; x64) AppleWebKit/537.36 (KHTML, like Gecko) Chrome/60.0.3112.113 Safari/537.36"
52.26.161.96 - - [14/Feb/2025:19:21:21 +0530] "GET /career HTTP/1.1" 301 245 "-" "Mozilla/5.0 (Windows NT 10.0; Win64; x64) AppleWebKit/537.36 (KHTML, like Gecko) Chrome/60.0.3112.113 Safari/537.36"
49.43.243.142 - - [14/Feb/2025:19:21:36 +0530] "GET /career HTTP/1.1" 301 245 "-" "Mozilla/5.0 (Linux; Android 12; SM-M315F Build/SP1A.210812.016; wv) AppleWebKit/537.36 (KHTML, like Gecko) Version/4.0 Chrome/132.0.6834.163 Mobile Safari/537.36"
52.26.161.96 - - [14/Feb/2025:19:21:37 +0530] "GET /career HTTP/1.1" 301 245 "-" "Mozilla/5.0 (Windows NT 10.0; Win64; x64) AppleWebKit/537.36 (KHTML, like Gecko) Chrome/60.0.3112.113 Safari/537.36"
66.249.65.172 - - [14/Feb/2025:19:22:23 +0530] "GET /ads.txt HTTP/1.1" 301 238 "-" "Mozilla/5.0 (compatible; Googlebot/2.1; +http://www.google.com/bot.html)"
66.249.74.70 - - [14/Feb/2025:19:22:24 +0530] "GET /ads.txt HTTP/1.1" 301 242 "-" "Mozilla/5.0 (compatible; Googlebot/2.1; +http://www.google.com/bot.html)"
46.4.76.242 - - [14/Feb/2025:19:25:22 +0530] "GET / HTTP/1.1" 301 235 "http://www.anandaloke.com" "Mozilla/5.0 (Linux; Android 10; K) AppleWebKit/537.36 (KHTML, like Gecko) Chrome/128.0.0.0 Mobile Safari/537.36"
18.219.101.101 - - [14/Feb/2025:19:28:21 +0530] "GET /career HTTP/1.1" 301 245 "-" "Mozilla/5.0 (Windows NT 10.0; Win64; x64) AppleWebKit/537.36 (KHTML, like Gecko) Chrome/60.0.3112.113 Safari/537.36"
18.219.101.101 - - [14/Feb/2025:19:28:22 +0530] "GET /career HTTP/1.1" 301 245 "-" "Mozilla/5.0 (Windows NT 10.0; Win64; x64) AppleWebKit/537.36 (KHTML, like Gecko) Chrome/60.0.3112.113 Safari/537.36"
52.26.161.96 - - [14/Feb/2025:19:28:38 +0530] "GET /career HTTP/1.1" 301 245 "-" "Mozilla/5.0 (Windows NT 10.0; Win64; x64) AppleWebKit/537.36 (KHTML, like Gecko) Chrome/60.0.3112.113 Safari/537.36"
196.251.112.209 - - [14/Feb/2025:19:33:09 +0530] "GET / HTTP/1.1" 301 231 "-" "-"
3.128.63.195 - - [14/Feb/2025:19:33:54 +0530] "GET /career HTTP/1.1" 301 245 "-" "Mozilla/5.0 (Windows NT 10.0; Win64; x64) AppleWebKit/537.36 (KHTML, like Gecko) Chrome/60.0.3112.113 Safari/537.36"
34.213.174.241 - - [14/Feb/2025:19:34:11 +0530] "GET /career HTTP/1.1" 301 245 "-" "Mozilla/5.0 (Windows NT 10.0; Win64; x64) AppleWebKit/537.36 (KHTML, like Gecko) Chrome/60.0.3112.113 Safari/537.36"
3.97.210.2 - - [14/Feb/2025:19:34:59 +0530] "GET /career HTTP/1.1" 301 245 "-" "Mozilla/5.0 (Windows NT 10.0; Win64; x64) AppleWebKit/537.36 (KHTML, like Gecko) Chrome/60.0.3112.113 Safari/537.36"
52.39.100.237 - - [14/Feb/2025:19:35:09 +0530] "GET /career HTTP/1.1" 301 245 "-" "Mozilla/5.0 (Windows NT 10.0; Win64; x64) AppleWebKit/537.36 (KHTML, like Gecko) Chrome/60.0.3112.113 Safari/537.36"
3.98.194.109 - - [14/Feb/2025:19:35:14 +0530] "GET /career HTTP/1.1" 301 245 "-" "Mozilla/5.0 (Windows NT 10.0; Win64; x64) AppleWebKit/537.36 (KHTML, like Gecko) Chrome/60.0.3112.113 Safari/537.36"
52.26.161.96 - - [14/Feb/2025:19:35:36 +0530] "GET /career HTTP/1.1" 301 245 "-" "Mozilla/5.0 (Windows NT 10.0; Win64; x64) AppleWebKit/537.36 (KHTML, like Gecko) Chrome/60.0.3112.113 Safari/537.36"
3.98.194.109 - - [14/Feb/2025:19:38:04 +0530] "GET /career HTTP/1.1" 301 245 "-" "Mozilla/5.0 (Windows NT 10.0; Win64; x64) AppleWebKit/537.36 (KHTML, like Gecko) Chrome/60.0.3112.113 Safari/537.36"
52.26.161.96 - - [14/Feb/2025:19:38:06 +0530] "GET /career HTTP/1.1" 301 245 "-" "Mozilla/5.0 (Windows NT 10.0; Win64; x64) AppleWebKit/537.36 (KHTML, like Gecko) Chrome/60.0.3112.113 Safari/537.36"
223.237.87.82 - - [14/Feb/2025:19:38:20 +0530] "GET /career HTTP/1.1" 301 245 "-" "Mozilla/5.0 (Linux; Android 12; CPH2477 Build/SP1A.210812.016; wv) AppleWebKit/537.36 (KHTML, like Gecko) Version/4.0 Chrome/132.0.6834.163 Mobile Safari/537.36"
3.98.194.109 - - [14/Feb/2025:19:38:20 +0530] "GET /career HTTP/1.1" 301 245 "-" "Mozilla/5.0 (Windows NT 10.0; Win64; x64) AppleWebKit/537.36 (KHTML, like Gecko) Chrome/60.0.3112.113 Safari/537.36"
3.97.210.2 - - [14/Feb/2025:19:43:02 +0530] "GET /career HTTP/1.1" 301 245 "-" "Mozilla/5.0 (Windows NT 10.0; Win64; x64) AppleWebKit/537.36 (KHTML, like Gecko) Chrome/60.0.3112.113 Safari/537.36"
18.219.101.101 - - [14/Feb/2025:19:43:52 +0530] "GET /career HTTP/1.1" 301 245 "-" "Mozilla/5.0 (Windows NT 10.0; Win64; x64) AppleWebKit/537.36 (KHTML, like Gecko) Chrome/60.0.3112.113 Safari/537.36"
3.98.194.109 - - [14/Feb/2025:19:43:52 +0530] "GET /career HTTP/1.1" 301 245 "-" "Mozilla/5.0 (Windows NT 10.0; Win64; x64) AppleWebKit/537.36 (KHTML, like Gecko) Chrome/60.0.3112.113 Safari/537.36"
3.97.210.2 - - [14/Feb/2025:19:43:58 +0530] "GET /career HTTP/1.1" 301 245 "-" "Mozilla/5.0 (Windows NT 10.0; Win64; x64) AppleWebKit/537.36 (KHTML, like Gecko) Chrome/60.0.3112.113 Safari/537.36"
3.98.194.109 - - [14/Feb/2025:19:45:23 +0530] "GET /career HTTP/1.1" 301 245 "-" "Mozilla/5.0 (Windows NT 10.0; Win64; x64) AppleWebKit/537.36 (KHTML, like Gecko) Chrome/60.0.3112.113 Safari/537.36"
3.97.210.2 - - [14/Feb/2025:19:45:25 +0530] "GET /career HTTP/1.1" 301 245 "-" "Mozilla/5.0 (Windows NT 10.0; Win64; x64) AppleWebKit/537.36 (KHTML, like Gecko) Chrome/60.0.3112.113 Safari/537.36"
196.251.112.209 - - [14/Feb/2025:19:58:19 +0530] "GET / HTTP/1.1" 301 235 "-" "-"
3.98.194.109 - - [14/Feb/2025:20:03:08 +0530] "GET /career HTTP/1.1" 301 245 "-" "Mozilla/5.0 (Windows NT 10.0; Win64; x64) AppleWebKit/537.36 (KHTML, like Gecko) Chrome/60.0.3112.113 Safari/537.36"
3.98.194.109 - - [14/Feb/2025:20:04:29 +0530] "GET /career HTTP/1.1" 301 245 "-" "Mozilla/5.0 (Windows NT 10.0; Win64; x64) AppleWebKit/537.36 (KHTML, like Gecko) Chrome/60.0.3112.113 Safari/537.36"
52.26.161.96 - - [14/Feb/2025:20:04:32 +0530] "GET /career HTTP/1.1" 301 245 "-" "Mozilla/5.0 (Windows NT 10.0; Win64; x64) AppleWebKit/537.36 (KHTML, like Gecko) Chrome/60.0.3112.113 Safari/537.36"
3.98.194.109 - - [14/Feb/2025:20:10:57 +0530] "GET /career HTTP/1.1" 301 245 "-" "Mozilla/5.0 (Windows NT 10.0; Win64; x64) AppleWebKit/537.36 (KHTML, like Gecko) Chrome/60.0.3112.113 Safari/537.36"
3.21.142.42 - - [14/Feb/2025:20:10:59 +0530] "GET /career HTTP/1.1" 301 245 "-" "Mozilla/5.0 (Windows NT 10.0; Win64; x64) AppleWebKit/537.36 (KHTML, like Gecko) Chrome/60.0.3112.113 Safari/537.36"
103.76.81.222 - - [14/Feb/2025:20:11:08 +0530] "GET /career HTTP/1.1" 301 245 "-" "Mozilla/5.0 (Linux; Android 14; V2348 Build/UP1A.231005.007; wv) AppleWebKit/537.36 (KHTML, like Gecko) Version/4.0 Chrome/132.0.6834.163 Mobile Safari/537.36"
3.128.63.195 - - [14/Feb/2025:20:11:09 +0530] "GET /career HTTP/1.1" 301 245 "-" "Mozilla/5.0 (Windows NT 10.0; Win64; x64) AppleWebKit/537.36 (KHTML, like Gecko) Chrome/60.0.3112.113 Safari/537.36"
18.219.101.101 - - [14/Feb/2025:20:11:09 +0530] "GET /career HTTP/1.1" 301 245 "-" "Mozilla/5.0 (Windows NT 10.0; Win64; x64) AppleWebKit/537.36 (KHTML, like Gecko) Chrome/60.0.3112.113 Safari/537.36"
3.128.63.195 - - [14/Feb/2025:20:11:09 +0530] "GET /career HTTP/1.1" 301 245 "-" "Mozilla/5.0 (Windows NT 10.0; Win64; x64) AppleWebKit/537.36 (KHTML, like Gecko) Chrome/60.0.3112.113 Safari/537.36"
223.109.252.155 - - [14/Feb/2025:20:19:19 +0530] "GET / HTTP/1.1" 301 231 "-" "Sogou web spider/4.0(+http://www.sogou.com/docs/help/webmasters.htm#07)"
34.105.55.177 - - [14/Feb/2025:20:22:26 +0530] "GET /media/system/js/core.js HTTP/1.1" 301 262 "-" "Mozilla/5.0 (Macintosh; Intel Mac OS X 10_10_1) AppleWebKit/537.36 (KHTML, like Gecko) Chrome/39.0.2171.95 Safari/537.36"
34.213.174.241 - - [14/Feb/2025:20:27:20 +0530] "GET /career HTTP/1.1" 301 245 "-" "Mozilla/5.0 (Windows NT 10.0; Win64; x64) AppleWebKit/537.36 (KHTML, like Gecko) Chrome/60.0.3112.113 Safari/537.36"
3.97.210.2 - - [14/Feb/2025:20:27:22 +0530] "GET /career HTTP/1.1" 301 245 "-" "Mozilla/5.0 (Windows NT 10.0; Win64; x64) AppleWebKit/537.36 (KHTML, like Gecko) Chrome/60.0.3112.113 Safari/537.36"
3.97.210.2 - - [14/Feb/2025:20:27:37 +0530] "GET /career HTTP/1.1" 301 245 "-" "Mozilla/5.0 (Windows NT 10.0; Win64; x64) AppleWebKit/537.36 (KHTML, like Gecko) Chrome/60.0.3112.113 Safari/537.36"
52.26.161.96 - - [14/Feb/2025:20:27:39 +0530] "GET /career HTTP/1.1" 301 245 "-" "Mozilla/5.0 (Windows NT 10.0; Win64; x64) AppleWebKit/537.36 (KHTML, like Gecko) Chrome/60.0.3112.113 Safari/537.36"
18.219.101.101 - - [14/Feb/2025:20:27:40 +0530] "GET /career HTTP/1.1" 301 245 "-" "Mozilla/5.0 (Windows NT 10.0; Win64; x64) AppleWebKit/537.36 (KHTML, like Gecko) Chrome/60.0.3112.113 Safari/537.36"
52.26.161.96 - - [14/Feb/2025:20:36:45 +0530] "GET /career HTTP/1.1" 301 245 "-" "Mozilla/5.0 (Windows NT 10.0; Win64; x64) AppleWebKit/537.36 (KHTML, like Gecko) Chrome/60.0.3112.113 Safari/537.36"
34.213.174.241 - - [14/Feb/2025:20:36:46 +0530] "GET /career HTTP/1.1" 301 245 "-" "Mozilla/5.0 (Windows NT 10.0; Win64; x64) AppleWebKit/537.36 (KHTML, like Gecko) Chrome/60.0.3112.113 Safari/537.36"
3.128.63.195 - - [14/Feb/2025:20:39:55 +0530] "GET /career HTTP/1.1" 301 245 "-" "Mozilla/5.0 (Windows NT 10.0; Win64; x64) AppleWebKit/537.36 (KHTML, like Gecko) Chrome/60.0.3112.113 Safari/537.36"
34.213.174.241 - - [14/Feb/2025:20:39:57 +0530] "GET /career HTTP/1.1" 301 245 "-" "Mozilla/5.0 (Windows NT 10.0; Win64; x64) AppleWebKit/537.36 (KHTML, like Gecko) Chrome/60.0.3112.113 Safari/537.36"
172.104.34.17 - - [14/Feb/2025:20:42:56 +0530] "GET / HTTP/1.1" 301 231 "http://anandaloke.com" "Mozilla/5.0 (compatible; Example3/1.0; +https://www.example3.com/domain/anandaloke.com)"
66.249.74.69 - - [14/Feb/2025:20:50:03 +0530] "GET /blog.php HTTP/1.1" 301 243 "-" "Mozilla/5.0 (compatible; Googlebot/2.1; +http://www.google.com/bot.html)"
165.22.58.240 - - [14/Feb/2025:20:51:47 +0530] "GET /makeasmtp.php?p= HTTP/1.1" 301 247 "-" "Mozlila/5.0 (Linux; Android 7.0; SM-G892A Bulid/NRD90M; wv) AppleWebKit/537.36 (KHTML, like Gecko) Version/4.0 Chrome/60.0.3112.107 Moblie Safari/537.36"
165.22.58.240 - - [14/Feb/2025:20:51:52 +0530] "GET /wp-admin/css/makeasmtp.php?p= HTTP/1.1" 301 260 "-" "Mozlila/5.0 (Linux; Android 7.0; SM-G892A Bulid/NRD90M; wv) AppleWebKit/537.36 (KHTML, like Gecko) Version/4.0 Chrome/60.0.3112.107 Moblie Safari/537.36"
165.22.58.240 - - [14/Feb/2025:20:51:59 +0530] "GET /wp-admin/js/makeasmtp.php?p= HTTP/1.1" 301 259 "-" "Mozlila/5.0 (Linux; Android 7.0; SM-G892A Bulid/NRD90M; wv) AppleWebKit/537.36 (KHTML, like Gecko) Version/4.0 Chrome/60.0.3112.107 Moblie Safari/537.36"
165.22.58.240 - - [14/Feb/2025:20:52:13 +0530] "GET /wp-includes/rest-api/search/makeasmtp.php?p= HTTP/1.1" 301 275 "-" "Mozlila/5.0 (Linux; Android 7.0; SM-G892A Bulid/NRD90M; wv) AppleWebKit/537.36 (KHTML, like Gecko) Version/4.0 Chrome/60.0.3112.107 Moblie Safari/537.36"
165.22.58.240 - - [14/Feb/2025:20:52:27 +0530] "GET /wp-includes/style-engine/makeasmtp.php?p= HTTP/1.1" 301 272 "-" "Mozlila/5.0 (Linux; Android 7.0; SM-G892A Bulid/NRD90M; wv) AppleWebKit/537.36 (KHTML, like Gecko) Version/4.0 Chrome/60.0.3112.107 Moblie Safari/537.36"
165.22.58.240 - - [14/Feb/2025:20:52:33 +0530] "GET /wp-includes/certificates/makeasmtp.php?p= HTTP/1.1" 301 272 "-" "Mozlila/5.0 (Linux; Android 7.0; SM-G892A Bulid/NRD90M; wv) AppleWebKit/537.36 (KHTML, like Gecko) Version/4.0 Chrome/60.0.3112.107 Moblie Safari/537.36"
165.22.58.240 - - [14/Feb/2025:20:52:37 +0530] "GET /wp-includes/block-patterns/makeasmtp.php?p= HTTP/1.1" 301 274 "-" "Mozlila/5.0 (Linux; Android 7.0; SM-G892A Bulid/NRD90M; wv) AppleWebKit/537.36 (KHTML, like Gecko) Version/4.0 Chrome/60.0.3112.107 Moblie Safari/537.36"
165.22.58.240 - - [14/Feb/2025:20:52:43 +0530] "GET /wp-content/uploads/makeasmtp.php?p= HTTP/1.1" 301 266 "-" "Mozlila/5.0 (Linux; Android 7.0; SM-G892A Bulid/NRD90M; wv) AppleWebKit/537.36 (KHTML, like Gecko) Version/4.0 Chrome/60.0.3112.107 Moblie Safari/537.36"
165.22.58.240 - - [14/Feb/2025:21:01:47 +0530] "GET /plugins/function.php HTTP/1.1" 301 251 "-" "Mozlila/5.0 (Linux; Android 7.0; SM-G892A Bulid/NRD90M; wv) AppleWebKit/537.36 (KHTML, like Gecko) Version/4.0 Chrome/60.0.3112.107 Moblie Safari/537.36"
165.22.58.240 - - [14/Feb/2025:21:02:00 +0530] "GET /file/function.php HTTP/1.1" 301 248 "-" "Mozlila/5.0 (Linux; Android 7.0; SM-G892A Bulid/NRD90M; wv) AppleWebKit/537.36 (KHTML, like Gecko) Version/4.0 Chrome/60.0.3112.107 Moblie Safari/537.36"
165.22.58.240 - - [14/Feb/2025:21:02:09 +0530] "GET /as/function HTTP/1.1" 301 242 "-" "Mozlila/5.0 (Linux; Android 7.0; SM-G892A Bulid/NRD90M; wv) AppleWebKit/537.36 (KHTML, like Gecko) Version/4.0 Chrome/60.0.3112.107 Moblie Safari/537.36"
165.22.58.240 - - [14/Feb/2025:21:02:17 +0530] "GET /mah/function.php HTTP/1.1" 301 247 "-" "Mozlila/5.0 (Linux; Android 7.0; SM-G892A Bulid/NRD90M; wv) AppleWebKit/537.36 (KHTML, like Gecko) Version/4.0 Chrome/60.0.3112.107 Moblie Safari/537.36"
165.22.58.240 - - [14/Feb/2025:21:02:29 +0530] "GET /admin/function.php HTTP/1.1" 301 249 "-" "Mozlila/5.0 (Linux; Android 7.0; SM-G892A Bulid/NRD90M; wv) AppleWebKit/537.36 (KHTML, like Gecko) Version/4.0 Chrome/60.0.3112.107 Moblie Safari/537.36"
165.22.58.240 - - [14/Feb/2025:21:02:37 +0530] "GET /doc/function.php HTTP/1.1" 301 247 "-" "Mozlila/5.0 (Linux; Android 7.0; SM-G892A Bulid/NRD90M; wv) AppleWebKit/537.36 (KHTML, like Gecko) Version/4.0 Chrome/60.0.3112.107 Moblie Safari/537.36"
165.22.58.240 - - [14/Feb/2025:21:02:42 +0530] "GET /about/function.php HTTP/1.1" 301 249 "-" "Mozlila/5.0 (Linux; Android 7.0; SM-G892A Bulid/NRD90M; wv) AppleWebKit/537.36 (KHTML, like Gecko) Version/4.0 Chrome/60.0.3112.107 Moblie Safari/537.36"
165.22.58.240 - - [14/Feb/2025:21:02:47 +0530] "GET /index/function.php HTTP/1.1" 301 253 "-" "Mozlila/5.0 (Linux; Android 7.0; SM-G892A Bulid/NRD90M; wv) AppleWebKit/537.36 (KHTML, like Gecko) Version/4.0 Chrome/60.0.3112.107 Moblie Safari/537.36"
152.53.108.92 - - [14/Feb/2025:21:07:09 +0530] "GET / HTTP/1.1" 301 235 "-" "Mozilla/5.0 (Windows NT 10.0; Win64; x64) AppleWebKit/537.36 (KHTML, like Gecko) Chrome/100.0.8893.391 Safari/537.36"
3.98.194.109 - - [14/Feb/2025:21:16:56 +0530] "GET /career HTTP/1.1" 301 245 "-" "Mozilla/5.0 (Windows NT 10.0; Win64; x64) AppleWebKit/537.36 (KHTML, like Gecko) Chrome/60.0.3112.113 Safari/537.36"
18.219.101.101 - - [14/Feb/2025:21:20:29 +0530] "GET /career HTTP/1.1" 301 245 "-" "Mozilla/5.0 (Windows NT 10.0; Win64; x64) AppleWebKit/537.36 (KHTML, like Gecko) Chrome/60.0.3112.113 Safari/537.36"
52.26.161.96 - - [14/Feb/2025:21:21:45 +0530] "GET /career HTTP/1.1" 301 245 "-" "Mozilla/5.0 (Windows NT 10.0; Win64; x64) AppleWebKit/537.36 (KHTML, like Gecko) Chrome/60.0.3112.113 Safari/537.36"
52.26.161.96 - - [14/Feb/2025:21:21:45 +0530] "GET /career HTTP/1.1" 301 245 "-" "Mozilla/5.0 (Windows NT 10.0; Win64; x64) AppleWebKit/537.36 (KHTML, like Gecko) Chrome/60.0.3112.113 Safari/537.36"
52.26.161.96 - - [14/Feb/2025:21:22:40 +0530] "GET /career HTTP/1.1" 301 245 "-" "Mozilla/5.0 (Windows NT 10.0; Win64; x64) AppleWebKit/537.36 (KHTML, like Gecko) Chrome/60.0.3112.113 Safari/537.36"
18.219.101.101 - - [14/Feb/2025:21:23:30 +0530] "GET /career HTTP/1.1" 301 245 "-" "Mozilla/5.0 (Windows NT 10.0; Win64; x64) AppleWebKit/537.36 (KHTML, like Gecko) Chrome/60.0.3112.113 Safari/537.36"
34.213.174.241 - - [14/Feb/2025:21:23:32 +0530] "GET /career HTTP/1.1" 301 245 "-" "Mozilla/5.0 (Windows NT 10.0; Win64; x64) AppleWebKit/537.36 (KHTML, like Gecko) Chrome/60.0.3112.113 Safari/537.36"
3.21.142.42 - - [14/Feb/2025:21:23:34 +0530] "GET /career HTTP/1.1" 301 245 "-" "Mozilla/5.0 (Windows NT 10.0; Win64; x64) AppleWebKit/537.36 (KHTML, like Gecko) Chrome/60.0.3112.113 Safari/537.36"
3.21.142.42 - - [14/Feb/2025:21:24:00 +0530] "GET /career HTTP/1.1" 301 245 "-" "Mozilla/5.0 (Windows NT 10.0; Win64; x64) AppleWebKit/537.36 (KHTML, like Gecko) Chrome/60.0.3112.113 Safari/537.36"
3.97.210.2 - - [14/Feb/2025:21:24:30 +0530] "GET /career HTTP/1.1" 301 245 "-" "Mozilla/5.0 (Windows NT 10.0; Win64; x64) AppleWebKit/537.36 (KHTML, like Gecko) Chrome/60.0.3112.113 Safari/537.36"
18.219.101.101 - - [14/Feb/2025:21:31:53 +0530] "GET /career HTTP/1.1" 301 245 "-" "Mozilla/5.0 (Windows NT 10.0; Win64; x64) AppleWebKit/537.36 (KHTML, like Gecko) Chrome/60.0.3112.113 Safari/537.36"
3.128.63.195 - - [14/Feb/2025:21:37:57 +0530] "GET /career HTTP/1.1" 301 245 "-" "Mozilla/5.0 (Windows NT 10.0; Win64; x64) AppleWebKit/537.36 (KHTML, like Gecko) Chrome/60.0.3112.113 Safari/537.36"
34.213.174.241 - - [14/Feb/2025:21:38:00 +0530] "GET /career HTTP/1.1" 301 245 "-" "Mozilla/5.0 (Windows NT 10.0; Win64; x64) AppleWebKit/537.36 (KHTML, like Gecko) Chrome/60.0.3112.113 Safari/537.36"
3.128.63.195 - - [14/Feb/2025:21:41:01 +0530] "GET /career HTTP/1.1" 301 245 "-" "Mozilla/5.0 (Windows NT 10.0; Win64; x64) AppleWebKit/537.36 (KHTML, like Gecko) Chrome/60.0.3112.113 Safari/537.36"
3.128.63.195 - - [14/Feb/2025:21:41:02 +0530] "GET /career HTTP/1.1" 301 245 "-" "Mozilla/5.0 (Windows NT 10.0; Win64; x64) AppleWebKit/537.36 (KHTML, like Gecko) Chrome/60.0.3112.113 Safari/537.36"
103.41.30.44 - - [14/Feb/2025:21:41:09 +0530] "GET /career HTTP/1.1" 301 245 "-" "Mozilla/5.0 (iPhone; CPU iPhone OS 18_3 like Mac OS X) AppleWebKit/605.1.15 (KHTML, like Gecko) Mobile/15E148 Indeed App 243.3"
52.26.161.96 - - [14/Feb/2025:21:41:10 +0530] "GET /career HTTP/1.1" 301 245 "-" "Mozilla/5.0 (Windows NT 10.0; Win64; x64) AppleWebKit/537.36 (KHTML, like Gecko) Chrome/60.0.3112.113 Safari/537.36"
18.219.101.101 - - [14/Feb/2025:21:52:01 +0530] "GET /career HTTP/1.1" 301 245 "-" "Mozilla/5.0 (Windows NT 10.0; Win64; x64) AppleWebKit/537.36 (KHTML, like Gecko) Chrome/60.0.3112.113 Safari/537.36"
91.239.208.9 - - [14/Feb/2025:21:53:19 +0530] "GET /wp-includes/js/jquery/jquery.js HTTP/1.1" 301 262 "-" "-"
52.26.161.96 - - [14/Feb/2025:22:02:16 +0530] "GET /career HTTP/1.1" 301 245 "-" "Mozilla/5.0 (Windows NT 10.0; Win64; x64) AppleWebKit/537.36 (KHTML, like Gecko) Chrome/60.0.3112.113 Safari/537.36"
3.97.210.2 - - [14/Feb/2025:22:06:44 +0530] "GET /career HTTP/1.1" 301 245 "-" "Mozilla/5.0 (Windows NT 10.0; Win64; x64) AppleWebKit/537.36 (KHTML, like Gecko) Chrome/60.0.3112.113 Safari/537.36"
34.213.174.241 - - [14/Feb/2025:22:06:45 +0530] "GET /career HTTP/1.1" 301 245 "-" "Mozilla/5.0 (Windows NT 10.0; Win64; x64) AppleWebKit/537.36 (KHTML, like Gecko) Chrome/60.0.3112.113 Safari/537.36"
3.98.194.109 - - [14/Feb/2025:22:06:56 +0530] "GET /career HTTP/1.1" 301 245 "-" "Mozilla/5.0 (Windows NT 10.0; Win64; x64) AppleWebKit/537.36 (KHTML, like Gecko) Chrome/60.0.3112.113 Safari/537.36"
3.98.194.109 - - [14/Feb/2025:22:08:05 +0530] "GET /career HTTP/1.1" 301 245 "-" "Mozilla/5.0 (Windows NT 10.0; Win64; x64) AppleWebKit/537.36 (KHTML, like Gecko) Chrome/60.0.3112.113 Safari/537.36"
34.213.174.241 - - [14/Feb/2025:22:09:22 +0530] "GET /career HTTP/1.1" 301 245 "-" "Mozilla/5.0 (Windows NT 10.0; Win64; x64) AppleWebKit/537.36 (KHTML, like Gecko) Chrome/60.0.3112.113 Safari/537.36"
3.21.142.42 - - [14/Feb/2025:22:09:22 +0530] "GET /career HTTP/1.1" 301 245 "-" "Mozilla/5.0 (Windows NT 10.0; Win64; x64) AppleWebKit/537.36 (KHTML, like Gecko) Chrome/60.0.3112.113 Safari/537.36"
17.241.75.53 - - [14/Feb/2025:22:18:43 +0530] "GET /robots.txt HTTP/1.1" 301 245 "-" "Mozilla/5.0 (Macintosh; Intel Mac OS X 10_15_7) AppleWebKit/605.1.15 (KHTML, like Gecko) Version/17.4 Safari/605.1.15 (Applebot/0.1; +http://www.apple.com/go/applebot)"
17.241.75.53 - - [14/Feb/2025:22:18:44 +0530] "GET / HTTP/1.1" 301 235 "-" "Mozilla/5.0 (Macintosh; Intel Mac OS X 10_15_7) AppleWebKit/605.1.15 (KHTML, like Gecko) Version/17.4 Safari/605.1.15 (Applebot/0.1; +http://www.apple.com/go/applebot)"
3.98.194.109 - - [14/Feb/2025:22:23:07 +0530] "GET /career HTTP/1.1" 301 245 "-" "Mozilla/5.0 (Windows NT 10.0; Win64; x64) AppleWebKit/537.36 (KHTML, like Gecko) Chrome/60.0.3112.113 Safari/537.36"
3.97.210.2 - - [14/Feb/2025:22:28:57 +0530] "GET /career HTTP/1.1" 301 245 "-" "Mozilla/5.0 (Windows NT 10.0; Win64; x64) AppleWebKit/537.36 (KHTML, like Gecko) Chrome/60.0.3112.113 Safari/537.36"
198.185.241.230 - - [14/Feb/2025:22:29:50 +0530] "GET / HTTP/1.1" 301 235 "-" "Mozilla/5.0 (iPhone; CPU iPhone OS 17_5_1 like Mac OS X) AppleWebKit/605.1.15 (KHTML, like Gecko) Version/17.5 Mobile/15E148 Safari/604.1"
69.167.29.17 - - [14/Feb/2025:22:35:52 +0530] "GET /captcha/appoint-captcha.php HTTP/1.0" 301 258 "http://anandaloke.com/captcha/appoint-captcha.php" "Mozilla/5.0 (Windows NT 10.0; Win64; x64) AppleWebKit/537.36 (KHTML, like Gecko) Chrome/131.0.0.0 Safari/537.36"
3.98.194.109 - - [14/Feb/2025:22:48:28 +0530] "GET /career HTTP/1.1" 301 245 "-" "Mozilla/5.0 (Windows NT 10.0; Win64; x64) AppleWebKit/537.36 (KHTML, like Gecko) Chrome/60.0.3112.113 Safari/537.36"
3.128.63.195 - - [14/Feb/2025:22:50:36 +0530] "GET /career HTTP/1.1" 301 245 "-" "Mozilla/5.0 (Windows NT 10.0; Win64; x64) AppleWebKit/537.36 (KHTML, like Gecko) Chrome/60.0.3112.113 Safari/537.36"
3.97.210.2 - - [14/Feb/2025:22:50:37 +0530] "GET /career HTTP/1.1" 301 245 "-" "Mozilla/5.0 (Windows NT 10.0; Win64; x64) AppleWebKit/537.36 (KHTML, like Gecko) Chrome/60.0.3112.113 Safari/537.36"
3.97.210.2 - - [14/Feb/2025:22:50:46 +0530] "GET /career HTTP/1.1" 301 245 "-" "Mozilla/5.0 (Windows NT 10.0; Win64; x64) AppleWebKit/537.36 (KHTML, like Gecko) Chrome/60.0.3112.113 Safari/537.36"
18.118.14.24 - - [14/Feb/2025:22:51:53 +0530] "HEAD /wordpress HTTP/1.1" 301 - "-" "Mozilla/5.0 (Windows NT 10.0; Win64; x64) AppleWebKit/537.36 (KHTML, like Gecko) Chrome/74.0.3729.169 Safari/537.36"
18.118.14.24 - - [14/Feb/2025:22:51:54 +0530] "HEAD / HTTP/1.1" 301 - "-" "Mozilla/5.0 (Windows NT 10.0; Win64; x64) AppleWebKit/537.36 (KHTML, like Gecko) Chrome/74.0.3729.169 Safari/537.36"
18.118.14.24 - - [14/Feb/2025:22:51:54 +0530] "HEAD /wp HTTP/1.1" 301 - "-" "Mozilla/5.0 (Windows NT 10.0; Win64; x64) AppleWebKit/537.36 (KHTML, like Gecko) Chrome/74.0.3729.169 Safari/537.36"
18.118.14.24 - - [14/Feb/2025:22:51:55 +0530] "HEAD /bc HTTP/1.1" 301 - "-" "Mozilla/5.0 (Windows NT 10.0; Win64; x64) AppleWebKit/537.36 (KHTML, like Gecko) Chrome/74.0.3729.169 Safari/537.36"
18.118.14.24 - - [14/Feb/2025:22:51:55 +0530] "HEAD /bk HTTP/1.1" 301 - "-" "Mozilla/5.0 (Windows NT 10.0; Win64; x64) AppleWebKit/537.36 (KHTML, like Gecko) Chrome/74.0.3729.169 Safari/537.36"
18.118.14.24 - - [14/Feb/2025:22:51:55 +0530] "HEAD /backup HTTP/1.1" 301 - "-" "Mozilla/5.0 (Windows NT 10.0; Win64; x64) AppleWebKit/537.36 (KHTML, like Gecko) Chrome/74.0.3729.169 Safari/537.36"
18.118.14.24 - - [14/Feb/2025:22:51:56 +0530] "HEAD /old HTTP/1.1" 301 - "-" "Mozilla/5.0 (Windows NT 10.0; Win64; x64) AppleWebKit/537.36 (KHTML, like Gecko) Chrome/74.0.3729.169 Safari/537.36"
18.118.14.24 - - [14/Feb/2025:22:51:56 +0530] "HEAD /new HTTP/1.1" 301 - "-" "Mozilla/5.0 (Windows NT 10.0; Win64; x64) AppleWebKit/537.36 (KHTML, like Gecko) Chrome/74.0.3729.169 Safari/537.36"
18.118.14.24 - - [14/Feb/2025:22:51:56 +0530] "HEAD /main HTTP/1.1" 301 - "-" "Mozilla/5.0 (Windows NT 10.0; Win64; x64) AppleWebKit/537.36 (KHTML, like Gecko) Chrome/74.0.3729.169 Safari/537.36"
18.118.14.24 - - [14/Feb/2025:22:51:56 +0530] "HEAD /home HTTP/1.1" 301 - "-" "Mozilla/5.0 (Windows NT 10.0; Win64; x64) AppleWebKit/537.36 (KHTML, like Gecko) Chrome/74.0.3729.169 Safari/537.36"
3.98.194.109 - - [14/Feb/2025:22:52:18 +0530] "GET /career HTTP/1.1" 301 245 "-" "Mozilla/5.0 (Windows NT 10.0; Win64; x64) AppleWebKit/537.36 (KHTML, like Gecko) Chrome/60.0.3112.113 Safari/537.36"
34.213.174.241 - - [14/Feb/2025:22:57:06 +0530] "GET /career HTTP/1.1" 301 245 "-" "Mozilla/5.0 (Windows NT 10.0; Win64; x64) AppleWebKit/537.36 (KHTML, like Gecko) Chrome/60.0.3112.113 Safari/537.36"
52.26.161.96 - - [14/Feb/2025:22:57:07 +0530] "GET /career HTTP/1.1" 301 245 "-" "Mozilla/5.0 (Windows NT 10.0; Win64; x64) AppleWebKit/537.36 (KHTML, like Gecko) Chrome/60.0.3112.113 Safari/537.36"
3.97.210.2 - - [14/Feb/2025:23:05:50 +0530] "GET /career HTTP/1.1" 301 245 "-" "Mozilla/5.0 (Windows NT 10.0; Win64; x64) AppleWebKit/537.36 (KHTML, like Gecko) Chrome/60.0.3112.113 Safari/537.36"
3.97.210.2 - - [14/Feb/2025:23:05:51 +0530] "GET /career HTTP/1.1" 301 245 "-" "Mozilla/5.0 (Windows NT 10.0; Win64; x64) AppleWebKit/537.36 (KHTML, like Gecko) Chrome/60.0.3112.113 Safari/537.36"
106.221.245.32 - - [14/Feb/2025:23:05:56 +0530] "GET /career HTTP/1.1" 301 245 "-" "Mozilla/5.0 (Linux; Android 14; moto g85 5G Build/U3UO34.49-140-3; wv) AppleWebKit/537.36 (KHTML, like Gecko) Version/4.0 Chrome/132.0.6834.163 Mobile Safari/537.36"
3.21.142.42 - - [14/Feb/2025:23:05:59 +0530] "GET /career HTTP/1.1" 301 245 "-" "Mozilla/5.0 (Windows NT 10.0; Win64; x64) AppleWebKit/537.36 (KHTML, like Gecko) Chrome/60.0.3112.113 Safari/537.36"
3.21.142.42 - - [14/Feb/2025:23:07:12 +0530] "GET /career HTTP/1.1" 301 245 "-" "Mozilla/5.0 (Windows NT 10.0; Win64; x64) AppleWebKit/537.36 (KHTML, like Gecko) Chrome/60.0.3112.113 Safari/537.36"
34.213.174.241 - - [14/Feb/2025:23:07:14 +0530] "GET /career HTTP/1.1" 301 245 "-" "Mozilla/5.0 (Windows NT 10.0; Win64; x64) AppleWebKit/537.36 (KHTML, like Gecko) Chrome/60.0.3112.113 Safari/537.36"
34.213.174.241 - - [14/Feb/2025:23:07:14 +0530] "GET /career HTTP/1.1" 301 245 "-" "Mozilla/5.0 (Windows NT 10.0; Win64; x64) AppleWebKit/537.36 (KHTML, like Gecko) Chrome/60.0.3112.113 Safari/537.36"
34.213.174.241 - - [14/Feb/2025:23:07:14 +0530] "GET /career HTTP/1.1" 301 245 "-" "Mozilla/5.0 (Windows NT 10.0; Win64; x64) AppleWebKit/537.36 (KHTML, like Gecko) Chrome/60.0.3112.113 Safari/537.36"
34.213.174.241 - - [14/Feb/2025:23:07:14 +0530] "GET /career HTTP/1.1" 301 245 "-" "Mozilla/5.0 (Windows NT 10.0; Win64; x64) AppleWebKit/537.36 (KHTML, like Gecko) Chrome/60.0.3112.113 Safari/537.36"
34.213.174.241 - - [14/Feb/2025:23:07:14 +0530] "GET /career HTTP/1.1" 301 245 "-" "Mozilla/5.0 (Windows NT 10.0; Win64; x64) AppleWebKit/537.36 (KHTML, like Gecko) Chrome/60.0.3112.113 Safari/537.36"
34.213.174.241 - - [14/Feb/2025:23:07:14 +0530] "GET /career HTTP/1.1" 301 245 "-" "Mozilla/5.0 (Windows NT 10.0; Win64; x64) AppleWebKit/537.36 (KHTML, like Gecko) Chrome/60.0.3112.113 Safari/537.36"
34.213.174.241 - - [14/Feb/2025:23:07:14 +0530] "GET /career HTTP/1.1" 301 245 "-" "Mozilla/5.0 (Windows NT 10.0; Win64; x64) AppleWebKit/537.36 (KHTML, like Gecko) Chrome/60.0.3112.113 Safari/537.36"
34.213.174.241 - - [14/Feb/2025:23:07:14 +0530] "GET /career HTTP/1.1" 301 245 "-" "Mozilla/5.0 (Windows NT 10.0; Win64; x64) AppleWebKit/537.36 (KHTML, like Gecko) Chrome/60.0.3112.113 Safari/537.36"
34.213.174.241 - - [14/Feb/2025:23:07:14 +0530] "GET /career HTTP/1.1" 301 245 "-" "Mozilla/5.0 (Windows NT 10.0; Win64; x64) AppleWebKit/537.36 (KHTML, like Gecko) Chrome/60.0.3112.113 Safari/537.36"
34.213.174.241 - - [14/Feb/2025:23:07:14 +0530] "GET /career HTTP/1.1" 301 245 "-" "Mozilla/5.0 (Windows NT 10.0; Win64; x64) AppleWebKit/537.36 (KHTML, like Gecko) Chrome/60.0.3112.113 Safari/537.36"
66.249.74.70 - - [14/Feb/2025:23:10:35 +0530] "GET /?referral_url=https://in.iappscreator.com/dir/v/anandaloke-siliguri/ad4ef1b002e042208527b668c5ab4c01 HTTP/1.1" 301 335 "-" "Mozilla/5.0 (Linux; Android 6.0.1; Nexus 5X Build/MMB29P) AppleWebKit/537.36 (KHTML, like Gecko) Chrome/133.0.6943.53 Mobile Safari/537.36 (compatible; Googlebot/2.1; +http://www.google.com/bot.html)"
66.249.74.69 - - [14/Feb/2025:23:10:35 +0530] "GET /robots.txt HTTP/1.1" 301 245 "-" "Mozilla/5.0 (compatible; Googlebot/2.1; +http://www.google.com/bot.html)"
52.26.161.96 - - [14/Feb/2025:23:10:43 +0530] "GET /career HTTP/1.1" 301 245 "-" "Mozilla/5.0 (Windows NT 10.0; Win64; x64) AppleWebKit/537.36 (KHTML, like Gecko) Chrome/60.0.3112.113 Safari/537.36"
52.26.161.96 - - [14/Feb/2025:23:11:38 +0530] "GET /career HTTP/1.1" 301 245 "-" "Mozilla/5.0 (Windows NT 10.0; Win64; x64) AppleWebKit/537.36 (KHTML, like Gecko) Chrome/60.0.3112.113 Safari/537.36"
52.39.100.237 - - [14/Feb/2025:23:11:41 +0530] "GET /career HTTP/1.1" 301 245 "-" "Mozilla/5.0 (Windows NT 10.0; Win64; x64) AppleWebKit/537.36 (KHTML, like Gecko) Chrome/60.0.3112.113 Safari/537.36"
3.98.194.109 - - [14/Feb/2025:23:16:03 +0530] "GET /career HTTP/1.1" 301 245 "-" "Mozilla/5.0 (Windows NT 10.0; Win64; x64) AppleWebKit/537.36 (KHTML, like Gecko) Chrome/60.0.3112.113 Safari/537.36"
52.26.161.96 - - [14/Feb/2025:23:16:04 +0530] "GET /career HTTP/1.1" 301 245 "-" "Mozilla/5.0 (Windows NT 10.0; Win64; x64) AppleWebKit/537.36 (KHTML, like Gecko) Chrome/60.0.3112.113 Safari/537.36"
152.59.166.212 - - [14/Feb/2025:23:16:11 +0530] "GET /career HTTP/1.1" 301 245 "-" "Mozilla/5.0 (Linux; Android 15; CPH2613 Build/TP1A.220905.001; wv) AppleWebKit/537.36 (KHTML, like Gecko) Version/4.0 Chrome/132.0.6834.163 Mobile Safari/537.36"
3.98.194.109 - - [14/Feb/2025:23:16:12 +0530] "GET /career HTTP/1.1" 301 245 "-" "Mozilla/5.0 (Windows NT 10.0; Win64; x64) AppleWebKit/537.36 (KHTML, like Gecko) Chrome/60.0.3112.113 Safari/537.36"
218.67.82.132 - - [14/Feb/2025:23:19:28 +0530] "GET /1234.php HTTP/1.1" 301 243 "http://www.anandaloke.com/1234.php" "Mozilla/5.0 (compatible; MSIE 9.0; Windows NT 6.1; Win64; x64; Trident/5.0)"
66.249.65.173 - - [14/Feb/2025:23:19:51 +0530] "GET /robots.txt HTTP/1.1" 301 241 "-" "Mozilla/5.0 (compatible; Googlebot/2.1; +http://www.google.com/bot.html)"
66.249.65.173 - - [14/Feb/2025:23:19:52 +0530] "GET /index HTTP/1.1" 301 240 "-" "Mozilla/5.0 (Linux; Android 6.0.1; Nexus 5X Build/MMB29P) AppleWebKit/537.36 (KHTML, like Gecko) Chrome/133.0.6943.53 Mobile Safari/537.36 (compatible; Googlebot/2.1; +http://www.google.com/bot.html)"
152.56.133.40 - - [14/Feb/2025:23:28:38 +0530] "GET / HTTP/1.1" 301 235 "-" "Mozilla/5.0 (Windows NT 10.0; Win64; x64; rv:135.0) Gecko/20100101 Firefox/135.0"
52.26.161.96 - - [14/Feb/2025:23:31:41 +0530] "GET /career HTTP/1.1" 301 245 "-" "Mozilla/5.0 (Windows NT 10.0; Win64; x64) AppleWebKit/537.36 (KHTML, like Gecko) Chrome/60.0.3112.113 Safari/537.36"
34.213.174.241 - - [14/Feb/2025:23:31:42 +0530] "GET /career HTTP/1.1" 301 245 "-" "Mozilla/5.0 (Windows NT 10.0; Win64; x64) AppleWebKit/537.36 (KHTML, like Gecko) Chrome/60.0.3112.113 Safari/537.36"
52.26.161.96 - - [14/Feb/2025:23:31:42 +0530] "GET /career HTTP/1.1" 301 245 "-" "Mozilla/5.0 (Windows NT 10.0; Win64; x64) AppleWebKit/537.36 (KHTML, like Gecko) Chrome/60.0.3112.113 Safari/537.36"
3.97.210.2 - - [14/Feb/2025:23:41:58 +0530] "GET /career HTTP/1.1" 301 245 "-" "Mozilla/5.0 (Windows NT 10.0; Win64; x64) AppleWebKit/537.36 (KHTML, like Gecko) Chrome/60.0.3112.113 Safari/537.36"
194.38.23.16 - - [14/Feb/2025:23:46:13 +0530] "GET /wp-content/themes/Nuance/functions/jwpanel/scripts/valums_uploader/php.php HTTP/1.1" 301 305 "-" "ALittle Client"
66.249.65.174 - - [14/Feb/2025:23:52:11 +0530] "GET / HTTP/1.1" 301 231 "-" "Mozilla/5.0 (compatible; Googlebot/2.1; +http://www.google.com/bot.html)"
3.128.63.195 - - [15/Feb/2025:00:00:34 +0530] "GET /career HTTP/1.1" 301 245 "-" "Mozilla/5.0 (Windows NT 10.0; Win64; x64) AppleWebKit/537.36 (KHTML, like Gecko) Chrome/60.0.3112.113 Safari/537.36"
18.219.101.101 - - [15/Feb/2025:00:00:37 +0530] "GET /career HTTP/1.1" 301 245 "-" "Mozilla/5.0 (Windows NT 10.0; Win64; x64) AppleWebKit/537.36 (KHTML, like Gecko) Chrome/60.0.3112.113 Safari/537.36"
66.249.74.69 - - [15/Feb/2025:00:03:17 +0530] "GET / HTTP/1.1" 301 235 "-" "Mozilla/5.0 (compatible; Googlebot/2.1; +http://www.google.com/bot.html)"
45.154.98.197 - - [15/Feb/2025:00:03:49 +0530] "GET /wp-admin/css/ HTTP/1.1" 301 244 "binance.com" "Mozilla/5.0 (Windows NT 10.0; Win64; x64) AppleWebKit/537.36 (KHTML, like Gecko) Chrome/90.0.4430.85 Safari/537.36"
125.94.144.102 - - [15/Feb/2025:00:03:58 +0530] "GET / HTTP/1.1" 301 231 "-" "Mozilla/5.0 (iPhone; CPU iPhone OS 13_2_3 like Mac OS X) AppleWebKit/605.1.15 (KHTML, like Gecko) Version/13.0.3 Mobile/15E148 Safari/604.1"
34.213.174.241 - - [15/Feb/2025:00:08:01 +0530] "GET /career HTTP/1.1" 301 245 "-" "Mozilla/5.0 (Windows NT 10.0; Win64; x64) AppleWebKit/537.36 (KHTML, like Gecko) Chrome/60.0.3112.113 Safari/537.36"
3.98.194.109 - - [15/Feb/2025:00:08:02 +0530] "GET /career HTTP/1.1" 301 245 "-" "Mozilla/5.0 (Windows NT 10.0; Win64; x64) AppleWebKit/537.36 (KHTML, like Gecko) Chrome/60.0.3112.113 Safari/537.36"
18.219.101.101 - - [15/Feb/2025:00:08:26 +0530] "GET /career HTTP/1.1" 301 245 "-" "Mozilla/5.0 (Windows NT 10.0; Win64; x64) AppleWebKit/537.36 (KHTML, like Gecko) Chrome/60.0.3112.113 Safari/537.36"
3.98.194.109 - - [15/Feb/2025:00:08:26 +0530] "GET /career HTTP/1.1" 301 245 "-" "Mozilla/5.0 (Windows NT 10.0; Win64; x64) AppleWebKit/537.36 (KHTML, like Gecko) Chrome/60.0.3112.113 Safari/537.36"
34.213.174.241 - - [15/Feb/2025:00:10:12 +0530] "GET /career HTTP/1.1" 301 245 "-" "Mozilla/5.0 (Windows NT 10.0; Win64; x64) AppleWebKit/537.36 (KHTML, like Gecko) Chrome/60.0.3112.113 Safari/537.36"
3.21.142.42 - - [15/Feb/2025:00:18:14 +0530] "GET /career HTTP/1.1" 301 245 "-" "Mozilla/5.0 (Windows NT 10.0; Win64; x64) AppleWebKit/537.36 (KHTML, like Gecko) Chrome/60.0.3112.113 Safari/537.36"
3.98.194.109 - - [15/Feb/2025:00:18:14 +0530] "GET /career HTTP/1.1" 301 245 "-" "Mozilla/5.0 (Windows NT 10.0; Win64; x64) AppleWebKit/537.36 (KHTML, like Gecko) Chrome/60.0.3112.113 Safari/537.36"
3.21.142.42 - - [15/Feb/2025:00:19:30 +0530] "GET /career HTTP/1.1" 301 245 "-" "Mozilla/5.0 (Windows NT 10.0; Win64; x64) AppleWebKit/537.36 (KHTML, like Gecko) Chrome/60.0.3112.113 Safari/537.36"
3.98.194.109 - - [15/Feb/2025:00:19:31 +0530] "GET /career HTTP/1.1" 301 245 "-" "Mozilla/5.0 (Windows NT 10.0; Win64; x64) AppleWebKit/537.36 (KHTML, like Gecko) Chrome/60.0.3112.113 Safari/537.36"
3.128.63.195 - - [15/Feb/2025:00:24:57 +0530] "GET /career HTTP/1.1" 301 245 "-" "Mozilla/5.0 (Windows NT 10.0; Win64; x64) AppleWebKit/537.36 (KHTML, like Gecko) Chrome/60.0.3112.113 Safari/537.36"
1.231.27.15 - - [15/Feb/2025:00:46:10 +0530] "GET /thanks/ HTTP/1.0" 301 238 "http://anandaloke.com/thanks/" "Mozilla/5.0 (Windows NT 10.0; Win64; x64) AppleWebKit/537.36 (KHTML, like Gecko) Chrome/103.0.0.0 Safari/537.36 OpenWave/97.4.2043.44"
66.249.65.173 - - [15/Feb/2025:00:51:45 +0530] "GET / HTTP/1.1" 301 231 "-" "Mozilla/5.0 (compatible; Googlebot/2.1; +http://www.google.com/bot.html)"
34.213.174.241 - - [15/Feb/2025:00:52:15 +0530] "GET /career HTTP/1.1" 301 245 "-" "Mozilla/5.0 (Windows NT 10.0; Win64; x64) AppleWebKit/537.36 (KHTML, like Gecko) Chrome/60.0.3112.113 Safari/537.36"
165.22.58.240 - - [15/Feb/2025:01:03:23 +0530] "GET /wp-admin/css/autoload_classmap.php HTTP/1.1" 301 265 "-" "Mozlila/5.0 (Linux; Android 7.0; SM-G892A Bulid/NRD90M; wv) AppleWebKit/537.36 (KHTML, like Gecko) Version/4.0 Chrome/60.0.3112.107 Moblie Safari/537.36"
165.22.58.240 - - [15/Feb/2025:01:03:28 +0530] "GET /wp-admin/images/autoload_classmap.php HTTP/1.1" 301 268 "-" "Mozlila/5.0 (Linux; Android 7.0; SM-G892A Bulid/NRD90M; wv) AppleWebKit/537.36 (KHTML, like Gecko) Version/4.0 Chrome/60.0.3112.107 Moblie Safari/537.36"
165.22.58.240 - - [15/Feb/2025:01:03:35 +0530] "GET /wp-includes/pomo/autoload_classmap.php HTTP/1.1" 301 269 "-" "Mozlila/5.0 (Linux; Android 7.0; SM-G892A Bulid/NRD90M; wv) AppleWebKit/537.36 (KHTML, like Gecko) Version/4.0 Chrome/60.0.3112.107 Moblie Safari/537.36"
165.22.58.240 - - [15/Feb/2025:01:03:42 +0530] "GET /wp-includes/block-patterns/autoload_classmap.php HTTP/1.1" 301 279 "-" "Mozlila/5.0 (Linux; Android 7.0; SM-G892A Bulid/NRD90M; wv) AppleWebKit/537.36 (KHTML, like Gecko) Version/4.0 Chrome/60.0.3112.107 Moblie Safari/537.36"
3.128.63.195 - - [15/Feb/2025:01:03:42 +0530] "GET /career HTTP/1.1" 301 245 "-" "Mozilla/5.0 (Windows NT 10.0; Win64; x64) AppleWebKit/537.36 (KHTML, like Gecko) Chrome/60.0.3112.113 Safari/537.36"
165.22.58.240 - - [15/Feb/2025:01:03:49 +0530] "GET /wp-includes/js/autoload_classmap.php HTTP/1.1" 301 267 "-" "Mozlila/5.0 (Linux; Android 7.0; SM-G892A Bulid/NRD90M; wv) AppleWebKit/537.36 (KHTML, like Gecko) Version/4.0 Chrome/60.0.3112.107 Moblie Safari/537.36"
165.22.58.240 - - [15/Feb/2025:01:03:54 +0530] "GET /wp-includes/sitemaps/autoload_classmap.php HTTP/1.1" 301 273 "-" "Mozlila/5.0 (Linux; Android 7.0; SM-G892A Bulid/NRD90M; wv) AppleWebKit/537.36 (KHTML, like Gecko) Version/4.0 Chrome/60.0.3112.107 Moblie Safari/537.36"
165.22.58.240 - - [15/Feb/2025:01:03:58 +0530] "GET /wp-includes/SimplePie/autoload_classmap.php HTTP/1.1" 301 274 "-" "Mozlila/5.0 (Linux; Android 7.0; SM-G892A Bulid/NRD90M; wv) AppleWebKit/537.36 (KHTML, like Gecko) Version/4.0 Chrome/60.0.3112.107 Moblie Safari/537.36"
165.22.58.240 - - [15/Feb/2025:01:04:04 +0530] "GET /wp-includes/widgets/autoload_classmap.php HTTP/1.1" 301 272 "-" "Mozlila/5.0 (Linux; Android 7.0; SM-G892A Bulid/NRD90M; wv) AppleWebKit/537.36 (KHTML, like Gecko) Version/4.0 Chrome/60.0.3112.107 Moblie Safari/537.36"
52.26.161.96 - - [15/Feb/2025:01:04:07 +0530] "GET /career HTTP/1.1" 301 245 "-" "Mozilla/5.0 (Windows NT 10.0; Win64; x64) AppleWebKit/537.36 (KHTML, like Gecko) Chrome/60.0.3112.113 Safari/537.36"
165.22.58.240 - - [15/Feb/2025:01:04:12 +0530] "GET /wp-content/uploads/autoload_classmap.php HTTP/1.1" 301 271 "-" "Mozlila/5.0 (Linux; Android 7.0; SM-G892A Bulid/NRD90M; wv) AppleWebKit/537.36 (KHTML, like Gecko) Version/4.0 Chrome/60.0.3112.107 Moblie Safari/537.36"
3.98.194.109 - - [15/Feb/2025:01:08:17 +0530] "GET /career HTTP/1.1" 301 245 "-" "Mozilla/5.0 (Windows NT 10.0; Win64; x64) AppleWebKit/537.36 (KHTML, like Gecko) Chrome/60.0.3112.113 Safari/537.36"
52.39.100.237 - - [15/Feb/2025:01:08:19 +0530] "GET /career HTTP/1.1" 301 245 "-" "Mozilla/5.0 (Windows NT 10.0; Win64; x64) AppleWebKit/537.36 (KHTML, like Gecko) Chrome/60.0.3112.113 Safari/537.36"
52.39.100.237 - - [15/Feb/2025:01:10:47 +0530] "GET /career HTTP/1.1" 301 245 "-" "Mozilla/5.0 (Windows NT 10.0; Win64; x64) AppleWebKit/537.36 (KHTML, like Gecko) Chrome/60.0.3112.113 Safari/537.36"
52.26.161.96 - - [15/Feb/2025:01:24:37 +0530] "GET /career HTTP/1.1" 301 245 "-" "Mozilla/5.0 (Windows NT 10.0; Win64; x64) AppleWebKit/537.36 (KHTML, like Gecko) Chrome/60.0.3112.113 Safari/537.36"
14.143.27.222 - - [15/Feb/2025:01:26:47 +0530] "GET / HTTP/1.1" 301 231 "-" "Mozilla/5.0 (Windows NT 10.0; Win64; x64) AppleWebKit/537.36 (KHTML, like Gecko) Chrome/91.0.4472.124 Safari/537.36"
3.97.210.2 - - [15/Feb/2025:01:42:48 +0530] "GET /career HTTP/1.1" 301 245 "-" "Mozilla/5.0 (Windows NT 10.0; Win64; x64) AppleWebKit/537.36 (KHTML, like Gecko) Chrome/60.0.3112.113 Safari/537.36"
18.219.101.101 - - [15/Feb/2025:01:43:22 +0530] "GET /career HTTP/1.1" 301 245 "-" "Mozilla/5.0 (Windows NT 10.0; Win64; x64) AppleWebKit/537.36 (KHTML, like Gecko) Chrome/60.0.3112.113 Safari/537.36"
3.21.142.42 - - [15/Feb/2025:01:49:11 +0530] "GET /career HTTP/1.1" 301 245 "-" "Mozilla/5.0 (Windows NT 10.0; Win64; x64) AppleWebKit/537.36 (KHTML, like Gecko) Chrome/60.0.3112.113 Safari/537.36"
18.219.101.101 - - [15/Feb/2025:01:49:14 +0530] "GET /career HTTP/1.1" 301 245 "-" "Mozilla/5.0 (Windows NT 10.0; Win64; x64) AppleWebKit/537.36 (KHTML, like Gecko) Chrome/60.0.3112.113 Safari/537.36"
3.97.210.2 - - [15/Feb/2025:01:49:29 +0530] "GET /career HTTP/1.1" 301 245 "-" "Mozilla/5.0 (Windows NT 10.0; Win64; x64) AppleWebKit/537.36 (KHTML, like Gecko) Chrome/60.0.3112.113 Safari/537.36"
66.249.74.71 - - [15/Feb/2025:01:53:15 +0530] "GET /images/gallery/6030.jpg HTTP/1.1" 301 258 "-" "Googlebot-Image/1.0"
223.109.252.240 - - [15/Feb/2025:01:54:53 +0530] "GET / HTTP/1.1" 301 235 "-" "Sogou web spider/4.0(+http://www.sogou.com/docs/help/webmasters.htm#07)"
66.249.74.69 - - [15/Feb/2025:02:01:30 +0530] "GET /services.php HTTP/1.1" 301 247 "-" "Mozilla/5.0 (Linux; Android 6.0.1; Nexus 5X Build/MMB29P) AppleWebKit/537.36 (KHTML, like Gecko) Chrome/133.0.6943.53 Mobile Safari/537.36 (compatible; Googlebot/2.1; +http://www.google.com/bot.html)"
1.231.27.15 - - [15/Feb/2025:02:13:05 +0530] "GET /thanks/ HTTP/1.0" 301 238 "http://anandaloke.com/thanks/" "Mozilla/5.0 (Windows NT 10.0; WOW64) AppleWebKit/537.36 (KHTML, like Gecko) Chrome/103.0.0.0 Safari/537.36"
1.231.27.15 - - [15/Feb/2025:02:23:12 +0530] "GET /thanks/ HTTP/1.0" 301 238 "http://anandaloke.com/thanks/" "Mozilla/5.0 (Windows NT 10.0; Win64; x64) AppleWebKit/537.36 (KHTML, like Gecko) Chrome/103.0.0.0 Safari/537.36"
110.172.98.2 - - [15/Feb/2025:02:26:24 +0530] "GET / HTTP/1.1" 301 235 "-" "Mozilla/5.0 (Windows NT 10.0; Win64; x64) AppleWebKit/537.36 (KHTML, like Gecko) Chrome/79.0.3945.130 Safari/537.36"
52.26.161.96 - - [15/Feb/2025:02:38:42 +0530] "GET /career HTTP/1.1" 301 245 "-" "Mozilla/5.0 (Windows NT 10.0; Win64; x64) AppleWebKit/537.36 (KHTML, like Gecko) Chrome/60.0.3112.113 Safari/537.36"
3.128.63.195 - - [15/Feb/2025:02:38:45 +0530] "GET /career HTTP/1.1" 301 245 "-" "Mozilla/5.0 (Windows NT 10.0; Win64; x64) AppleWebKit/537.36 (KHTML, like Gecko) Chrome/60.0.3112.113 Safari/537.36"
66.249.65.172 - - [15/Feb/2025:02:40:48 +0530] "GET /career.php HTTP/1.1" 301 241 "-" "Mozilla/5.0 (Linux; Android 6.0.1; Nexus 5X Build/MMB29P) AppleWebKit/537.36 (KHTML, like Gecko) Chrome/133.0.6943.53 Mobile Safari/537.36 (compatible; Googlebot/2.1; +http://www.google.com/bot.html)"
3.21.142.42 - - [15/Feb/2025:02:49:22 +0530] "GET /career HTTP/1.1" 301 245 "-" "Mozilla/5.0 (Windows NT 10.0; Win64; x64) AppleWebKit/537.36 (KHTML, like Gecko) Chrome/60.0.3112.113 Safari/537.36"
34.213.174.241 - - [15/Feb/2025:02:49:24 +0530] "GET /career HTTP/1.1" 301 245 "-" "Mozilla/5.0 (Windows NT 10.0; Win64; x64) AppleWebKit/537.36 (KHTML, like Gecko) Chrome/60.0.3112.113 Safari/537.36"
18.219.101.101 - - [15/Feb/2025:02:49:24 +0530] "GET /career HTTP/1.1" 301 245 "-" "Mozilla/5.0 (Windows NT 10.0; Win64; x64) AppleWebKit/537.36 (KHTML, like Gecko) Chrome/60.0.3112.113 Safari/537.36"
3.128.63.195 - - [15/Feb/2025:02:49:26 +0530] "GET /career HTTP/1.1" 301 245 "-" "Mozilla/5.0 (Windows NT 10.0; Win64; x64) AppleWebKit/537.36 (KHTML, like Gecko) Chrome/60.0.3112.113 Safari/537.36"
3.21.142.42 - - [15/Feb/2025:02:49:51 +0530] "GET /career HTTP/1.1" 301 245 "-" "Mozilla/5.0 (Windows NT 10.0; Win64; x64) AppleWebKit/537.36 (KHTML, like Gecko) Chrome/60.0.3112.113 Safari/537.36"
106.206.198.54 - - [15/Feb/2025:02:49:51 +0530] "GET /career HTTP/1.1" 301 245 "-" "Mozilla/5.0 (Linux; Android 14; SM-A045F Build/UP1A.231005.007; wv) AppleWebKit/537.36 (KHTML, like Gecko) Version/4.0 Chrome/133.0.6943.89 Mobile Safari/537.36"
77.75.78.172 - - [15/Feb/2025:02:54:47 +0530] "GET /robots.txt HTTP/1.1" 301 245 "-" "Mozilla/5.0 (compatible; SeznamBot/4.0; +https://o-seznam.cz/napoveda/vyhledavani/en/seznambot-crawler/)"
77.75.78.172 - - [15/Feb/2025:02:54:47 +0530] "GET /nursing HTTP/1.1" 301 246 "-" "Mozilla/5.0 (compatible; SeznamBot/4.0; +https://o-seznam.cz/napoveda/vyhledavani/en/seznambot-crawler/)"
52.26.161.96 - - [15/Feb/2025:03:10:56 +0530] "GET /career HTTP/1.1" 301 245 "-" "Mozilla/5.0 (Windows NT 10.0; Win64; x64) AppleWebKit/537.36 (KHTML, like Gecko) Chrome/60.0.3112.113 Safari/537.36"
165.154.227.94 - - [15/Feb/2025:03:12:04 +0530] "GET / HTTP/1.1" 301 231 "-" "Embarcadero URI Client/1.0"
3.98.194.109 - - [15/Feb/2025:03:15:42 +0530] "GET /career HTTP/1.1" 301 245 "-" "Mozilla/5.0 (Windows NT 10.0; Win64; x64) AppleWebKit/537.36 (KHTML, like Gecko) Chrome/60.0.3112.113 Safari/537.36"
3.98.194.109 - - [15/Feb/2025:03:21:55 +0530] "GET /career HTTP/1.1" 301 245 "-" "Mozilla/5.0 (Windows NT 10.0; Win64; x64) AppleWebKit/537.36 (KHTML, like Gecko) Chrome/60.0.3112.113 Safari/537.36"
52.26.161.96 - - [15/Feb/2025:03:23:46 +0530] "GET /career HTTP/1.1" 301 245 "-" "Mozilla/5.0 (Windows NT 10.0; Win64; x64) AppleWebKit/537.36 (KHTML, like Gecko) Chrome/60.0.3112.113 Safari/537.36"
52.39.100.237 - - [15/Feb/2025:03:23:50 +0530] "GET /career HTTP/1.1" 301 245 "-" "Mozilla/5.0 (Windows NT 10.0; Win64; x64) AppleWebKit/537.36 (KHTML, like Gecko) Chrome/60.0.3112.113 Safari/537.36"
3.97.210.2 - - [15/Feb/2025:03:23:59 +0530] "GET /career HTTP/1.1" 301 245 "-" "Mozilla/5.0 (Windows NT 10.0; Win64; x64) AppleWebKit/537.36 (KHTML, like Gecko) Chrome/60.0.3112.113 Safari/537.36"
52.26.161.96 - - [15/Feb/2025:03:27:02 +0530] "GET /career HTTP/1.1" 301 245 "-" "Mozilla/5.0 (Windows NT 10.0; Win64; x64) AppleWebKit/537.36 (KHTML, like Gecko) Chrome/60.0.3112.113 Safari/537.36"
167.71.109.255 - - [15/Feb/2025:03:29:31 +0530] "GET / HTTP/1.1" 301 231 "-" "Mozilla/5.0 (Windows NT 10.0; Win64; x64) AppleWebKit/537.36 (KHTML, like Gecko) Chrome/80.0.3987.149 Safari/537.36"
40.77.167.4 - - [15/Feb/2025:03:40:34 +0530] "GET /images/gallery/328248.jpg HTTP/1.1" 301 260 "-" "Mozilla/5.0 AppleWebKit/537.36 (KHTML, like Gecko; compatible; bingbot/2.0; +http://www.bing.com/bingbot.htm) Chrome/116.0.1938.76 Safari/537.36"
52.26.161.96 - - [15/Feb/2025:03:42:28 +0530] "GET /career HTTP/1.1" 301 245 "-" "Mozilla/5.0 (Windows NT 10.0; Win64; x64) AppleWebKit/537.36 (KHTML, like Gecko) Chrome/60.0.3112.113 Safari/537.36"
59.111.226.250 - - [15/Feb/2025:03:55:04 +0530] "GET / HTTP/1.1" 301 231 "-" "TMP, Mozilla/5.0 (Macintosh; Intel Mac OS X 10_15_7) AppleWebKit/537.36 (KHTML, like Gecko) Chrome/110.0.0.0 Safari/537.36"
59.111.226.250 - - [15/Feb/2025:03:55:05 +0530] "GET / HTTP/1.1" 301 235 "-" "TMP, Mozilla/5.0 (Macintosh; Intel Mac OS X 10_15_7) AppleWebKit/537.36 (KHTML, like Gecko) Chrome/110.0.0.0 Safari/537.36"
3.21.142.42 - - [15/Feb/2025:03:56:16 +0530] "GET /career HTTP/1.1" 301 245 "-" "Mozilla/5.0 (Windows NT 10.0; Win64; x64) AppleWebKit/537.36 (KHTML, like Gecko) Chrome/60.0.3112.113 Safari/537.36"
47.79.119.30 - - [15/Feb/2025:04:06:39 +0530] "GET /dermatology.php HTTP/1.1" 301 246 "-" "Mozilla/5.0 (iPhone; CPU iPhone OS 17_2 like Mac OS X) AppleWebKit/605.1.15 (KHTML, like Gecko) EdgiOS/120.0.2210.141 Version/17.0 Mobile/15E148 Safari/604.1"
