3.97.210.2 - - [15/Feb/2025:04:18:10 +0530] "GET /career HTTP/1.1" 301 245 "-" "Mozilla/5.0 (Windows NT 10.0; Win64; x64) AppleWebKit/537.36 (KHTML, like Gecko) Chrome/60.0.3112.113 Safari/537.36"
3.97.210.2 - - [15/Feb/2025:04:18:26 +0530] "GET /career HTTP/1.1" 301 245 "-" "Mozilla/5.0 (Windows NT 10.0; Win64; x64) AppleWebKit/537.36 (KHTML, like Gecko) Chrome/60.0.3112.113 Safari/537.36"
117.62.235.53 - - [15/Feb/2025:04:47:41 +0530] "GET / HTTP/1.1" 301 235 "-" "Mozilla/5.0 (iPhone; CPU iPhone OS 13_2_3 like Mac OS X) AppleWebKit/605.1.15 (KHTML, like Gecko) Version/13.0.3 Mobile/15E148 Safari/604.1"
3.128.63.195 - - [15/Feb/2025:04:54:00 +0530] "GET /career HTTP/1.1" 301 245 "-" "Mozilla/5.0 (Windows NT 10.0; Win64; x64) AppleWebKit/537.36 (KHTML, like Gecko) Chrome/60.0.3112.113 Safari/537.36"
194.226.139.239 - - [15/Feb/2025:04:58:20 +0530] "GET /thanks/ HTTP/1.0" 301 238 "http://anandaloke.com/thanks/" "Mozilla/5.0 (Windows NT 10.0; Win64; x64) AppleWebKit/537.36 (KHTML, like Gecko) Chrome/103.0.0.0 Safari/537.36 OpenWave/97.4.2043.44"
223.109.252.145 - - [15/Feb/2025:04:59:40 +0530] "GET / HTTP/1.1" 301 235 "-" "Sogou web spider/4.0(+http://www.sogou.com/docs/help/webmasters.htm#07)"
3.98.194.109 - - [15/Feb/2025:05:07:11 +0530] "GET /career HTTP/1.1" 301 245 "-" "Mozilla/5.0 (Windows NT 10.0; Win64; x64) AppleWebKit/537.36 (KHTML, like Gecko) Chrome/60.0.3112.113 Safari/537.36"
52.26.161.96 - - [15/Feb/2025:05:07:16 +0530] "GET /career HTTP/1.1" 301 245 "-" "Mozilla/5.0 (Windows NT 10.0; Win64; x64) AppleWebKit/537.36 (KHTML, like Gecko) Chrome/60.0.3112.113 Safari/537.36"
52.26.161.96 - - [15/Feb/2025:05:07:17 +0530] "GET /career HTTP/1.1" 301 245 "-" "Mozilla/5.0 (Windows NT 10.0; Win64; x64) AppleWebKit/537.36 (KHTML, like Gecko) Chrome/60.0.3112.113 Safari/537.36"
52.26.161.96 - - [15/Feb/2025:05:07:17 +0530] "GET /career HTTP/1.1" 301 245 "-" "Mozilla/5.0 (Windows NT 10.0; Win64; x64) AppleWebKit/537.36 (KHTML, like Gecko) Chrome/60.0.3112.113 Safari/537.36"
52.26.161.96 - - [15/Feb/2025:05:07:17 +0530] "GET /career HTTP/1.1" 301 245 "-" "Mozilla/5.0 (Windows NT 10.0; Win64; x64) AppleWebKit/537.36 (KHTML, like Gecko) Chrome/60.0.3112.113 Safari/537.36"
52.26.161.96 - - [15/Feb/2025:05:07:18 +0530] "GET /career HTTP/1.1" 301 245 "-" "Mozilla/5.0 (Windows NT 10.0; Win64; x64) AppleWebKit/537.36 (KHTML, like Gecko) Chrome/60.0.3112.113 Safari/537.36"
52.26.161.96 - - [15/Feb/2025:05:07:18 +0530] "GET /career HTTP/1.1" 301 245 "-" "Mozilla/5.0 (Windows NT 10.0; Win64; x64) AppleWebKit/537.36 (KHTML, like Gecko) Chrome/60.0.3112.113 Safari/537.36"
52.26.161.96 - - [15/Feb/2025:05:07:18 +0530] "GET /career HTTP/1.1" 301 245 "-" "Mozilla/5.0 (Windows NT 10.0; Win64; x64) AppleWebKit/537.36 (KHTML, like Gecko) Chrome/60.0.3112.113 Safari/537.36"
52.26.161.96 - - [15/Feb/2025:05:07:19 +0530] "GET /career HTTP/1.1" 301 245 "-" "Mozilla/5.0 (Windows NT 10.0; Win64; x64) AppleWebKit/537.36 (KHTML, like Gecko) Chrome/60.0.3112.113 Safari/537.36"
52.26.161.96 - - [15/Feb/2025:05:07:19 +0530] "GET /career HTTP/1.1" 301 245 "-" "Mozilla/5.0 (Windows NT 10.0; Win64; x64) AppleWebKit/537.36 (KHTML, like Gecko) Chrome/60.0.3112.113 Safari/537.36"
52.26.161.96 - - [15/Feb/2025:05:07:19 +0530] "GET /career HTTP/1.1" 301 245 "-" "Mozilla/5.0 (Windows NT 10.0; Win64; x64) AppleWebKit/537.36 (KHTML, like Gecko) Chrome/60.0.3112.113 Safari/537.36"
77.75.78.172 - - [15/Feb/2025:05:08:52 +0530] "GET /corporate-affairs HTTP/1.1" 301 256 "-" "Mozilla/5.0 (compatible; SeznamBot/4.0; +https://o-seznam.cz/napoveda/vyhledavani/en/seznambot-crawler/)"
3.128.63.195 - - [15/Feb/2025:05:44:24 +0530] "GET /career HTTP/1.1" 301 245 "-" "Mozilla/5.0 (Windows NT 10.0; Win64; x64) AppleWebKit/537.36 (KHTML, like Gecko) Chrome/60.0.3112.113 Safari/537.36"
3.98.194.109 - - [15/Feb/2025:05:48:27 +0530] "GET /career HTTP/1.1" 301 245 "-" "Mozilla/5.0 (Windows NT 10.0; Win64; x64) AppleWebKit/537.36 (KHTML, like Gecko) Chrome/60.0.3112.113 Safari/537.36"
3.97.210.2 - - [15/Feb/2025:05:48:40 +0530] "GET /career HTTP/1.1" 301 245 "-" "Mozilla/5.0 (Windows NT 10.0; Win64; x64) AppleWebKit/537.36 (KHTML, like Gecko) Chrome/60.0.3112.113 Safari/537.36"
18.118.14.24 - - [15/Feb/2025:05:51:19 +0530] "HEAD /wordpress HTTP/1.1" 301 - "-" "Mozilla/5.0 (Windows NT 10.0; Win64; x64) AppleWebKit/537.36 (KHTML, like Gecko) Chrome/74.0.3729.169 Safari/537.36"
18.118.14.24 - - [15/Feb/2025:05:51:20 +0530] "HEAD / HTTP/1.1" 301 - "-" "Mozilla/5.0 (Windows NT 10.0; Win64; x64) AppleWebKit/537.36 (KHTML, like Gecko) Chrome/74.0.3729.169 Safari/537.36"
18.118.14.24 - - [15/Feb/2025:05:51:20 +0530] "HEAD /wp HTTP/1.1" 301 - "-" "Mozilla/5.0 (Windows NT 10.0; Win64; x64) AppleWebKit/537.36 (KHTML, like Gecko) Chrome/74.0.3729.169 Safari/537.36"
18.118.14.24 - - [15/Feb/2025:05:51:20 +0530] "HEAD /bc HTTP/1.1" 301 - "-" "Mozilla/5.0 (Windows NT 10.0; Win64; x64) AppleWebKit/537.36 (KHTML, like Gecko) Chrome/74.0.3729.169 Safari/537.36"
18.118.14.24 - - [15/Feb/2025:05:51:20 +0530] "HEAD /bk HTTP/1.1" 301 - "-" "Mozilla/5.0 (Windows NT 10.0; Win64; x64) AppleWebKit/537.36 (KHTML, like Gecko) Chrome/74.0.3729.169 Safari/537.36"
18.118.14.24 - - [15/Feb/2025:05:51:20 +0530] "HEAD /backup HTTP/1.1" 301 - "-" "Mozilla/5.0 (Windows NT 10.0; Win64; x64) AppleWebKit/537.36 (KHTML, like Gecko) Chrome/74.0.3729.169 Safari/537.36"
18.118.14.24 - - [15/Feb/2025:05:51:20 +0530] "HEAD /old HTTP/1.1" 301 - "-" "Mozilla/5.0 (Windows NT 10.0; Win64; x64) AppleWebKit/537.36 (KHTML, like Gecko) Chrome/74.0.3729.169 Safari/537.36"
18.118.14.24 - - [15/Feb/2025:05:51:20 +0530] "HEAD /new HTTP/1.1" 301 - "-" "Mozilla/5.0 (Windows NT 10.0; Win64; x64) AppleWebKit/537.36 (KHTML, like Gecko) Chrome/74.0.3729.169 Safari/537.36"
18.118.14.24 - - [15/Feb/2025:05:51:21 +0530] "HEAD /main HTTP/1.1" 301 - "-" "Mozilla/5.0 (Windows NT 10.0; Win64; x64) AppleWebKit/537.36 (KHTML, like Gecko) Chrome/74.0.3729.169 Safari/537.36"
18.118.14.24 - - [15/Feb/2025:05:51:21 +0530] "HEAD /home HTTP/1.1" 301 - "-" "Mozilla/5.0 (Windows NT 10.0; Win64; x64) AppleWebKit/537.36 (KHTML, like Gecko) Chrome/74.0.3729.169 Safari/537.36"
3.98.194.109 - - [15/Feb/2025:06:05:08 +0530] "GET /career HTTP/1.1" 301 245 "-" "Mozilla/5.0 (Windows NT 10.0; Win64; x64) AppleWebKit/537.36 (KHTML, like Gecko) Chrome/60.0.3112.113 Safari/537.36"
18.219.101.101 - - [15/Feb/2025:06:05:09 +0530] "GET /career HTTP/1.1" 301 245 "-" "Mozilla/5.0 (Windows NT 10.0; Win64; x64) AppleWebKit/537.36 (KHTML, like Gecko) Chrome/60.0.3112.113 Safari/537.36"
152.59.146.89 - - [15/Feb/2025:06:05:42 +0530] "GET /career HTTP/1.1" 301 245 "-" "Mozilla/5.0 (Linux; Android 14; V2310 Build/UP1A.231005.007; wv) AppleWebKit/537.36 (KHTML, like Gecko) Version/4.0 Chrome/132.0.6834.163 Mobile Safari/537.36"
3.21.142.42 - - [15/Feb/2025:06:05:43 +0530] "GET /career HTTP/1.1" 301 245 "-" "Mozilla/5.0 (Windows NT 10.0; Win64; x64) AppleWebKit/537.36 (KHTML, like Gecko) Chrome/60.0.3112.113 Safari/537.36"
43.159.138.217 - - [15/Feb/2025:06:15:01 +0530] "GET / HTTP/1.1" 301 235 "-" "Mozilla/5.0 (iPhone; CPU iPhone OS 13_2_3 like Mac OS X) AppleWebKit/605.1.15 (KHTML, like Gecko) Version/13.0.3 Mobile/15E148 Safari/604.1"
3.98.194.109 - - [15/Feb/2025:06:24:33 +0530] "GET /career HTTP/1.1" 301 245 "-" "Mozilla/5.0 (Windows NT 10.0; Win64; x64) AppleWebKit/537.36 (KHTML, like Gecko) Chrome/60.0.3112.113 Safari/537.36"
52.26.161.96 - - [15/Feb/2025:06:25:17 +0530] "GET /career HTTP/1.1" 301 245 "-" "Mozilla/5.0 (Windows NT 10.0; Win64; x64) AppleWebKit/537.36 (KHTML, like Gecko) Chrome/60.0.3112.113 Safari/537.36"
66.249.74.69 - - [15/Feb/2025:06:25:22 +0530] "GET / HTTP/1.1" 301 235 "-" "Mozilla/5.0 (compatible; Googlebot/2.1; +http://www.google.com/bot.html)"
47.76.209.138 - - [15/Feb/2025:06:25:25 +0530] "HEAD /robots.txt HTTP/1.1" 301 - "-" "Mozilla/5.0 (Windows NT 6.2; Win64; x64) AppleWebKit/537.36 (KHTML, like Gecko) Chrome/73.0.2488.46 Safari/537.36"
47.76.209.138 - - [15/Feb/2025:06:25:26 +0530] "GET /robots.txt HTTP/1.1" 301 241 "-" "Mozilla/5.0 (Windows NT 6.2; Win64; x64) AppleWebKit/537.36 (KHTML, like Gecko) Chrome/73.0.2488.46 Safari/537.36"
66.249.74.69 - - [15/Feb/2025:06:26:50 +0530] "GET / HTTP/1.1" 301 235 "-" "Mozilla/5.0 (compatible; Googlebot/2.1; +http://www.google.com/bot.html)"
112.86.225.29 - - [15/Feb/2025:06:30:08 +0530] "GET / HTTP/1.1" 301 231 "-" "Sogou web spider/4.0(+http://www.sogou.com/docs/help/webmasters.htm#07)"
3.97.210.2 - - [15/Feb/2025:06:33:24 +0530] "GET /career HTTP/1.1" 301 245 "-" "Mozilla/5.0 (Windows NT 10.0; Win64; x64) AppleWebKit/537.36 (KHTML, like Gecko) Chrome/60.0.3112.113 Safari/537.36"
3.97.210.2 - - [15/Feb/2025:06:33:25 +0530] "GET /career HTTP/1.1" 301 245 "-" "Mozilla/5.0 (Windows NT 10.0; Win64; x64) AppleWebKit/537.36 (KHTML, like Gecko) Chrome/60.0.3112.113 Safari/537.36"
3.98.194.109 - - [15/Feb/2025:06:33:46 +0530] "GET /career HTTP/1.1" 301 245 "-" "Mozilla/5.0 (Windows NT 10.0; Win64; x64) AppleWebKit/537.36 (KHTML, like Gecko) Chrome/60.0.3112.113 Safari/537.36"
37.19.223.99 - - [15/Feb/2025:06:58:24 +0530] "GET / HTTP/1.0" 301 231 "http://anandaloke.com/" "Mozilla/5.0 (Windows NT 10.0; Win64; x64) AppleWebKit/537.36 (KHTML, like Gecko) Chrome/131.0.0.0 Safari/537.36 Avast/131.0.0.0"
3.97.210.2 - - [15/Feb/2025:07:01:12 +0530] "GET /career HTTP/1.1" 301 245 "-" "Mozilla/5.0 (Windows NT 10.0; Win64; x64) AppleWebKit/537.36 (KHTML, like Gecko) Chrome/60.0.3112.113 Safari/537.36"
223.109.252.182 - - [15/Feb/2025:07:05:03 +0530] "GET / HTTP/1.1" 301 231 "-" "Sogou web spider/4.0(+http://www.sogou.com/docs/help/webmasters.htm#07)"
3.21.142.42 - - [15/Feb/2025:07:07:52 +0530] "GET /career HTTP/1.1" 301 245 "-" "Mozilla/5.0 (Windows NT 10.0; Win64; x64) AppleWebKit/537.36 (KHTML, like Gecko) Chrome/60.0.3112.113 Safari/537.36"
3.98.194.109 - - [15/Feb/2025:07:07:52 +0530] "GET /career HTTP/1.1" 301 245 "-" "Mozilla/5.0 (Windows NT 10.0; Win64; x64) AppleWebKit/537.36 (KHTML, like Gecko) Chrome/60.0.3112.113 Safari/537.36"
3.98.194.109 - - [15/Feb/2025:07:16:18 +0530] "GET /career HTTP/1.1" 301 245 "-" "Mozilla/5.0 (Windows NT 10.0; Win64; x64) AppleWebKit/537.36 (KHTML, like Gecko) Chrome/60.0.3112.113 Safari/537.36"
3.128.63.195 - - [15/Feb/2025:07:16:24 +0530] "GET /career HTTP/1.1" 301 245 "-" "Mozilla/5.0 (Windows NT 10.0; Win64; x64) AppleWebKit/537.36 (KHTML, like Gecko) Chrome/60.0.3112.113 Safari/537.36"
66.249.65.173 - - [15/Feb/2025:07:37:40 +0530] "GET / HTTP/1.1" 301 231 "-" "Mozilla/5.0 (compatible; Googlebot/2.1; +http://www.google.com/bot.html)"
66.249.74.69 - - [15/Feb/2025:07:50:22 +0530] "GET / HTTP/1.1" 301 235 "-" "Mozilla/5.0 (compatible; Googlebot/2.1; +http://www.google.com/bot.html)"
52.26.161.96 - - [15/Feb/2025:07:58:56 +0530] "GET /career HTTP/1.1" 301 245 "-" "Mozilla/5.0 (Windows NT 10.0; Win64; x64) AppleWebKit/537.36 (KHTML, like Gecko) Chrome/60.0.3112.113 Safari/537.36"
3.97.210.2 - - [15/Feb/2025:07:58:57 +0530] "GET /career HTTP/1.1" 301 245 "-" "Mozilla/5.0 (Windows NT 10.0; Win64; x64) AppleWebKit/537.36 (KHTML, like Gecko) Chrome/60.0.3112.113 Safari/537.36"
52.167.144.67 - - [15/Feb/2025:07:59:00 +0530] "GET /robots.txt HTTP/1.1" 301 241 "-" "Mozilla/5.0 AppleWebKit/537.36 (KHTML, like Gecko; compatible; bingbot/2.0; +http://www.bing.com/bingbot.htm) Chrome/116.0.1938.76 Safari/537.36"
152.56.132.86 - - [15/Feb/2025:07:59:00 +0530] "GET /career HTTP/1.1" 301 245 "-" "Mozilla/5.0 (Linux; Android 14; Infinix X6852 Build/UP1A.231005.007; wv) AppleWebKit/537.36 (KHTML, like Gecko) Version/4.0 Chrome/132.0.6834.163 Mobile Safari/537.36"
52.167.144.173 - - [15/Feb/2025:07:59:02 +0530] "GET /images/gallery/6030.jpg HTTP/1.1" 301 254 "-" "Mozilla/5.0 AppleWebKit/537.36 (KHTML, like Gecko; compatible; bingbot/2.0; +http://www.bing.com/bingbot.htm) Chrome/116.0.1938.76 Safari/537.36"
52.26.161.96 - - [15/Feb/2025:07:59:02 +0530] "GET /career HTTP/1.1" 301 245 "-" "Mozilla/5.0 (Windows NT 10.0; Win64; x64) AppleWebKit/537.36 (KHTML, like Gecko) Chrome/60.0.3112.113 Safari/537.36"
52.39.100.237 - - [15/Feb/2025:08:18:02 +0530] "GET /career HTTP/1.1" 301 245 "-" "Mozilla/5.0 (Windows NT 10.0; Win64; x64) AppleWebKit/537.36 (KHTML, like Gecko) Chrome/60.0.3112.113 Safari/537.36"
3.128.63.195 - - [15/Feb/2025:08:18:12 +0530] "GET /career HTTP/1.1" 301 245 "-" "Mozilla/5.0 (Windows NT 10.0; Win64; x64) AppleWebKit/537.36 (KHTML, like Gecko) Chrome/60.0.3112.113 Safari/537.36"
18.219.101.101 - - [15/Feb/2025:08:21:24 +0530] "GET /career HTTP/1.1" 301 245 "-" "Mozilla/5.0 (Windows NT 10.0; Win64; x64) AppleWebKit/537.36 (KHTML, like Gecko) Chrome/60.0.3112.113 Safari/537.36"
3.128.63.195 - - [15/Feb/2025:08:26:02 +0530] "GET /career HTTP/1.1" 301 245 "-" "Mozilla/5.0 (Windows NT 10.0; Win64; x64) AppleWebKit/537.36 (KHTML, like Gecko) Chrome/60.0.3112.113 Safari/537.36"
52.26.161.96 - - [15/Feb/2025:08:26:04 +0530] "GET /career HTTP/1.1" 301 245 "-" "Mozilla/5.0 (Windows NT 10.0; Win64; x64) AppleWebKit/537.36 (KHTML, like Gecko) Chrome/60.0.3112.113 Safari/537.36"
52.26.161.96 - - [15/Feb/2025:08:27:31 +0530] "GET /career HTTP/1.1" 301 245 "-" "Mozilla/5.0 (Windows NT 10.0; Win64; x64) AppleWebKit/537.36 (KHTML, like Gecko) Chrome/60.0.3112.113 Safari/537.36"
52.26.161.96 - - [15/Feb/2025:08:27:34 +0530] "GET /career HTTP/1.1" 301 245 "-" "Mozilla/5.0 (Windows NT 10.0; Win64; x64) AppleWebKit/537.36 (KHTML, like Gecko) Chrome/60.0.3112.113 Safari/537.36"
34.169.107.95 - - [15/Feb/2025:08:30:13 +0530] "GET /media/system/js/core.js HTTP/1.1" 301 258 "-" "Mozilla/5.0 (Macintosh; Intel Mac OS X 10_10_1) AppleWebKit/537.36 (KHTML, like Gecko) Chrome/39.0.2171.95 Safari/537.36"
34.169.107.95 - - [15/Feb/2025:08:30:17 +0530] "GET /wp-includes/js/jquery/jquery.js HTTP/1.1" 301 262 "-" "Mozilla/5.0 (Macintosh; Intel Mac OS X 10_10_1) AppleWebKit/537.36 (KHTML, like Gecko) Chrome/39.0.2171.95 Safari/537.36"
208.102.51.6 - - [15/Feb/2025:08:33:15 +0530] "GET /thanks/ HTTP/1.0" 301 238 "http://anandaloke.com/thanks/" "Mozilla/5.0 (Windows NT 6.3; WOW64) AppleWebKit/537.36 (KHTML, like Gecko) Chrome/103.0.0.0 Safari/537.36"
52.26.161.96 - - [15/Feb/2025:08:55:14 +0530] "GET /career HTTP/1.1" 301 245 "-" "Mozilla/5.0 (Windows NT 10.0; Win64; x64) AppleWebKit/537.36 (KHTML, like Gecko) Chrome/60.0.3112.113 Safari/537.36"
3.97.210.2 - - [15/Feb/2025:08:55:15 +0530] "GET /career HTTP/1.1" 301 245 "-" "Mozilla/5.0 (Windows NT 10.0; Win64; x64) AppleWebKit/537.36 (KHTML, like Gecko) Chrome/60.0.3112.113 Safari/537.36"
52.26.161.96 - - [15/Feb/2025:08:59:40 +0530] "GET /career HTTP/1.1" 301 245 "-" "Mozilla/5.0 (Windows NT 10.0; Win64; x64) AppleWebKit/537.36 (KHTML, like Gecko) Chrome/60.0.3112.113 Safari/537.36"
18.219.101.101 - - [15/Feb/2025:08:59:47 +0530] "GET /career HTTP/1.1" 301 245 "-" "Mozilla/5.0 (Windows NT 10.0; Win64; x64) AppleWebKit/537.36 (KHTML, like Gecko) Chrome/60.0.3112.113 Safari/537.36"
34.213.174.241 - - [15/Feb/2025:09:04:20 +0530] "GET /career HTTP/1.1" 301 245 "-" "Mozilla/5.0 (Windows NT 10.0; Win64; x64) AppleWebKit/537.36 (KHTML, like Gecko) Chrome/60.0.3112.113 Safari/537.36"
52.26.161.96 - - [15/Feb/2025:09:05:29 +0530] "GET /career HTTP/1.1" 301 245 "-" "Mozilla/5.0 (Windows NT 10.0; Win64; x64) AppleWebKit/537.36 (KHTML, like Gecko) Chrome/60.0.3112.113 Safari/537.36"
3.97.210.2 - - [15/Feb/2025:09:05:47 +0530] "GET /career HTTP/1.1" 301 245 "-" "Mozilla/5.0 (Windows NT 10.0; Win64; x64) AppleWebKit/537.36 (KHTML, like Gecko) Chrome/60.0.3112.113 Safari/537.36"
157.50.4.220 - - [15/Feb/2025:09:06:04 +0530] "GET /career HTTP/1.1" 301 245 "-" "Mozilla/5.0 (Linux; Android 12; V2204 Build/SP1A.210812.003_IN; wv) AppleWebKit/537.36 (KHTML, like Gecko) Version/4.0 Chrome/132.0.6834.163 Mobile Safari/537.36"
3.98.194.109 - - [15/Feb/2025:09:06:10 +0530] "GET /career HTTP/1.1" 301 245 "-" "Mozilla/5.0 (Windows NT 10.0; Win64; x64) AppleWebKit/537.36 (KHTML, like Gecko) Chrome/60.0.3112.113 Safari/537.36"
35.243.220.242 - - [15/Feb/2025:09:07:06 +0530] "GET / HTTP/1.1" 301 231 "-" "Go-http-client/1.1"
66.249.74.70 - - [15/Feb/2025:09:07:12 +0530] "GET /view-gallery?view=4&name=Anandaloke%20Hospital HTTP/1.1" 301 289 "-" "Mozilla/5.0 (Linux; Android 6.0.1; Nexus 5X Build/MMB29P) AppleWebKit/537.36 (KHTML, like Gecko) Chrome/133.0.6943.53 Mobile Safari/537.36 (compatible; Googlebot/2.1; +http://www.google.com/bot.html)"
3.98.194.109 - - [15/Feb/2025:09:09:51 +0530] "GET /career HTTP/1.1" 301 245 "-" "Mozilla/5.0 (Windows NT 10.0; Win64; x64) AppleWebKit/537.36 (KHTML, like Gecko) Chrome/60.0.3112.113 Safari/537.36"
52.26.161.96 - - [15/Feb/2025:09:14:31 +0530] "GET /career HTTP/1.1" 301 245 "-" "Mozilla/5.0 (Windows NT 10.0; Win64; x64) AppleWebKit/537.36 (KHTML, like Gecko) Chrome/60.0.3112.113 Safari/537.36"
18.219.101.101 - - [15/Feb/2025:09:16:06 +0530] "GET /career HTTP/1.1" 301 245 "-" "Mozilla/5.0 (Windows NT 10.0; Win64; x64) AppleWebKit/537.36 (KHTML, like Gecko) Chrome/60.0.3112.113 Safari/537.36"
3.98.194.109 - - [15/Feb/2025:09:19:02 +0530] "GET /career HTTP/1.1" 301 245 "-" "Mozilla/5.0 (Windows NT 10.0; Win64; x64) AppleWebKit/537.36 (KHTML, like Gecko) Chrome/60.0.3112.113 Safari/537.36"
3.98.194.109 - - [15/Feb/2025:09:23:29 +0530] "GET /career HTTP/1.1" 301 245 "-" "Mozilla/5.0 (Windows NT 10.0; Win64; x64) AppleWebKit/537.36 (KHTML, like Gecko) Chrome/60.0.3112.113 Safari/537.36"
3.97.210.2 - - [15/Feb/2025:09:24:01 +0530] "GET /career HTTP/1.1" 301 245 "-" "Mozilla/5.0 (Windows NT 10.0; Win64; x64) AppleWebKit/537.36 (KHTML, like Gecko) Chrome/60.0.3112.113 Safari/537.36"
3.97.210.2 - - [15/Feb/2025:09:24:04 +0530] "GET /career HTTP/1.1" 301 245 "-" "Mozilla/5.0 (Windows NT 10.0; Win64; x64) AppleWebKit/537.36 (KHTML, like Gecko) Chrome/60.0.3112.113 Safari/537.36"
101.91.148.219 - - [15/Feb/2025:09:24:38 +0530] "GET / HTTP/1.1" 301 231 "-" "Mozilla/5.0 (iPhone; CPU iPhone OS 13_2_3 like Mac OS X) AppleWebKit/605.1.15 (KHTML, like Gecko) Version/13.0.3 Mobile/15E148 Safari/604.1"
34.213.174.241 - - [15/Feb/2025:09:25:19 +0530] "GET /career HTTP/1.1" 301 245 "-" "Mozilla/5.0 (Windows NT 10.0; Win64; x64) AppleWebKit/537.36 (KHTML, like Gecko) Chrome/60.0.3112.113 Safari/537.36"
52.26.161.96 - - [15/Feb/2025:09:25:21 +0530] "GET /career HTTP/1.1" 301 245 "-" "Mozilla/5.0 (Windows NT 10.0; Win64; x64) AppleWebKit/537.36 (KHTML, like Gecko) Chrome/60.0.3112.113 Safari/537.36"
152.58.176.193 - - [15/Feb/2025:09:25:34 +0530] "GET /career HTTP/1.1" 301 245 "-" "Mozilla/5.0 (Linux; Android 13; I2018 Build/TP1A.220624.014; wv) AppleWebKit/537.36 (KHTML, like Gecko) Version/4.0 Chrome/132.0.6834.163 Mobile Safari/537.36"
52.26.161.96 - - [15/Feb/2025:09:25:39 +0530] "GET /career HTTP/1.1" 301 245 "-" "Mozilla/5.0 (Windows NT 10.0; Win64; x64) AppleWebKit/537.36 (KHTML, like Gecko) Chrome/60.0.3112.113 Safari/537.36"
3.97.210.2 - - [15/Feb/2025:09:31:58 +0530] "GET /career HTTP/1.1" 301 245 "-" "Mozilla/5.0 (Windows NT 10.0; Win64; x64) AppleWebKit/537.36 (KHTML, like Gecko) Chrome/60.0.3112.113 Safari/537.36"
3.98.194.109 - - [15/Feb/2025:09:32:00 +0530] "GET /career HTTP/1.1" 301 245 "-" "Mozilla/5.0 (Windows NT 10.0; Win64; x64) AppleWebKit/537.36 (KHTML, like Gecko) Chrome/60.0.3112.113 Safari/537.36"
3.98.194.109 - - [15/Feb/2025:09:33:21 +0530] "GET /career HTTP/1.1" 301 245 "-" "Mozilla/5.0 (Windows NT 10.0; Win64; x64) AppleWebKit/537.36 (KHTML, like Gecko) Chrome/60.0.3112.113 Safari/537.36"
52.26.161.96 - - [15/Feb/2025:09:33:25 +0530] "GET /career HTTP/1.1" 301 245 "-" "Mozilla/5.0 (Windows NT 10.0; Win64; x64) AppleWebKit/537.36 (KHTML, like Gecko) Chrome/60.0.3112.113 Safari/537.36"
3.98.194.109 - - [15/Feb/2025:09:37:32 +0530] "GET /career HTTP/1.1" 301 245 "-" "Mozilla/5.0 (Windows NT 10.0; Win64; x64) AppleWebKit/537.36 (KHTML, like Gecko) Chrome/60.0.3112.113 Safari/537.36"
18.219.101.101 - - [15/Feb/2025:09:37:35 +0530] "GET /career HTTP/1.1" 301 245 "-" "Mozilla/5.0 (Windows NT 10.0; Win64; x64) AppleWebKit/537.36 (KHTML, like Gecko) Chrome/60.0.3112.113 Safari/537.36"
34.41.151.228 - - [15/Feb/2025:09:38:09 +0530] "GET /media/system/js/core.js HTTP/1.1" 301 258 "-" "Mozilla/5.0 (Macintosh; Intel Mac OS X 10_10_1) AppleWebKit/537.36 (KHTML, like Gecko) Chrome/39.0.2171.95 Safari/537.36"
3.97.210.2 - - [15/Feb/2025:09:39:42 +0530] "GET /career HTTP/1.1" 301 245 "-" "Mozilla/5.0 (Windows NT 10.0; Win64; x64) AppleWebKit/537.36 (KHTML, like Gecko) Chrome/60.0.3112.113 Safari/537.36"
18.219.101.101 - - [15/Feb/2025:09:40:30 +0530] "GET /career HTTP/1.1" 301 245 "-" "Mozilla/5.0 (Windows NT 10.0; Win64; x64) AppleWebKit/537.36 (KHTML, like Gecko) Chrome/60.0.3112.113 Safari/537.36"
3.97.210.2 - - [15/Feb/2025:09:40:45 +0530] "GET /career HTTP/1.1" 301 245 "-" "Mozilla/5.0 (Windows NT 10.0; Win64; x64) AppleWebKit/537.36 (KHTML, like Gecko) Chrome/60.0.3112.113 Safari/537.36"
3.97.210.2 - - [15/Feb/2025:09:40:48 +0530] "GET /career HTTP/1.1" 301 245 "-" "Mozilla/5.0 (Windows NT 10.0; Win64; x64) AppleWebKit/537.36 (KHTML, like Gecko) Chrome/60.0.3112.113 Safari/537.36"
34.213.174.241 - - [15/Feb/2025:09:40:48 +0530] "GET /career HTTP/1.1" 301 245 "-" "Mozilla/5.0 (Windows NT 10.0; Win64; x64) AppleWebKit/537.36 (KHTML, like Gecko) Chrome/60.0.3112.113 Safari/537.36"
18.219.101.101 - - [15/Feb/2025:09:40:52 +0530] "GET /career HTTP/1.1" 301 245 "-" "Mozilla/5.0 (Windows NT 10.0; Win64; x64) AppleWebKit/537.36 (KHTML, like Gecko) Chrome/60.0.3112.113 Safari/537.36"
3.98.194.109 - - [15/Feb/2025:09:40:53 +0530] "GET /career HTTP/1.1" 301 245 "-" "Mozilla/5.0 (Windows NT 10.0; Win64; x64) AppleWebKit/537.36 (KHTML, like Gecko) Chrome/60.0.3112.113 Safari/537.36"
223.226.141.168 - - [15/Feb/2025:09:41:02 +0530] "GET /career HTTP/1.1" 301 245 "-" "Mozilla/5.0 (Linux; Android 13; CPH2373 Build/TP1A.220905.001; wv) AppleWebKit/537.36 (KHTML, like Gecko) Version/4.0 Chrome/132.0.6834.163 Mobile Safari/537.36"
52.26.161.96 - - [15/Feb/2025:09:41:07 +0530] "GET /career HTTP/1.1" 301 245 "-" "Mozilla/5.0 (Windows NT 10.0; Win64; x64) AppleWebKit/537.36 (KHTML, like Gecko) Chrome/60.0.3112.113 Safari/537.36"
112.86.225.254 - - [15/Feb/2025:09:41:18 +0530] "GET / HTTP/1.1" 301 235 "-" "Sogou web spider/4.0(+http://www.sogou.com/docs/help/webmasters.htm#07)"
18.219.101.101 - - [15/Feb/2025:09:50:13 +0530] "GET /career HTTP/1.1" 301 245 "-" "Mozilla/5.0 (Windows NT 10.0; Win64; x64) AppleWebKit/537.36 (KHTML, like Gecko) Chrome/60.0.3112.113 Safari/537.36"
18.219.101.101 - - [15/Feb/2025:09:50:17 +0530] "GET /career HTTP/1.1" 301 245 "-" "Mozilla/5.0 (Windows NT 10.0; Win64; x64) AppleWebKit/537.36 (KHTML, like Gecko) Chrome/60.0.3112.113 Safari/537.36"
3.97.210.2 - - [15/Feb/2025:09:50:18 +0530] "GET /career HTTP/1.1" 301 245 "-" "Mozilla/5.0 (Windows NT 10.0; Win64; x64) AppleWebKit/537.36 (KHTML, like Gecko) Chrome/60.0.3112.113 Safari/537.36"
3.97.210.2 - - [15/Feb/2025:09:50:41 +0530] "GET /career HTTP/1.1" 301 245 "-" "Mozilla/5.0 (Windows NT 10.0; Win64; x64) AppleWebKit/537.36 (KHTML, like Gecko) Chrome/60.0.3112.113 Safari/537.36"
18.219.101.101 - - [15/Feb/2025:09:51:58 +0530] "GET /career HTTP/1.1" 301 245 "-" "Mozilla/5.0 (Windows NT 10.0; Win64; x64) AppleWebKit/537.36 (KHTML, like Gecko) Chrome/60.0.3112.113 Safari/537.36"
198.235.24.34 - - [15/Feb/2025:09:56:34 +0530] "GET / HTTP/1.1" 301 231 "-" "-"
3.98.194.109 - - [15/Feb/2025:09:59:01 +0530] "GET /career HTTP/1.1" 301 245 "-" "Mozilla/5.0 (Windows NT 10.0; Win64; x64) AppleWebKit/537.36 (KHTML, like Gecko) Chrome/60.0.3112.113 Safari/537.36"
18.219.101.101 - - [15/Feb/2025:09:59:07 +0530] "GET /career HTTP/1.1" 301 245 "-" "Mozilla/5.0 (Windows NT 10.0; Win64; x64) AppleWebKit/537.36 (KHTML, like Gecko) Chrome/60.0.3112.113 Safari/537.36"
3.128.63.195 - - [15/Feb/2025:09:59:10 +0530] "GET /career HTTP/1.1" 301 245 "-" "Mozilla/5.0 (Windows NT 10.0; Win64; x64) AppleWebKit/537.36 (KHTML, like Gecko) Chrome/60.0.3112.113 Safari/537.36"
3.98.194.109 - - [15/Feb/2025:10:00:14 +0530] "GET /career HTTP/1.1" 301 245 "-" "Mozilla/5.0 (Windows NT 10.0; Win64; x64) AppleWebKit/537.36 (KHTML, like Gecko) Chrome/60.0.3112.113 Safari/537.36"
3.98.194.109 - - [15/Feb/2025:10:00:15 +0530] "GET /career HTTP/1.1" 301 245 "-" "Mozilla/5.0 (Windows NT 10.0; Win64; x64) AppleWebKit/537.36 (KHTML, like Gecko) Chrome/60.0.3112.113 Safari/537.36"
3.97.210.2 - - [15/Feb/2025:10:00:36 +0530] "GET /career HTTP/1.1" 301 245 "-" "Mozilla/5.0 (Windows NT 10.0; Win64; x64) AppleWebKit/537.36 (KHTML, like Gecko) Chrome/60.0.3112.113 Safari/537.36"
34.213.174.241 - - [15/Feb/2025:10:00:37 +0530] "GET /career HTTP/1.1" 301 245 "-" "Mozilla/5.0 (Windows NT 10.0; Win64; x64) AppleWebKit/537.36 (KHTML, like Gecko) Chrome/60.0.3112.113 Safari/537.36"
3.98.194.109 - - [15/Feb/2025:10:01:04 +0530] "GET /career HTTP/1.1" 301 245 "-" "Mozilla/5.0 (Windows NT 10.0; Win64; x64) AppleWebKit/537.36 (KHTML, like Gecko) Chrome/60.0.3112.113 Safari/537.36"
3.128.63.195 - - [15/Feb/2025:10:01:08 +0530] "GET /career HTTP/1.1" 301 245 "-" "Mozilla/5.0 (Windows NT 10.0; Win64; x64) AppleWebKit/537.36 (KHTML, like Gecko) Chrome/60.0.3112.113 Safari/537.36"
110.224.110.232 - - [15/Feb/2025:10:01:21 +0530] "GET /career HTTP/1.1" 301 245 "-" "Mozilla/5.0 (Linux; Android 14; 23053RN02I Build/UP1A.231005.007; wv) AppleWebKit/537.36 (KHTML, like Gecko) Version/4.0 Chrome/132.0.6834.163 Mobile Safari/537.36"
3.97.210.2 - - [15/Feb/2025:10:01:22 +0530] "GET /career HTTP/1.1" 301 245 "-" "Mozilla/5.0 (Windows NT 10.0; Win64; x64) AppleWebKit/537.36 (KHTML, like Gecko) Chrome/60.0.3112.113 Safari/537.36"
52.26.161.96 - - [15/Feb/2025:10:02:30 +0530] "GET /career HTTP/1.1" 301 245 "-" "Mozilla/5.0 (Windows NT 10.0; Win64; x64) AppleWebKit/537.36 (KHTML, like Gecko) Chrome/60.0.3112.113 Safari/537.36"
3.98.194.109 - - [15/Feb/2025:10:08:04 +0530] "GET /career HTTP/1.1" 301 245 "-" "Mozilla/5.0 (Windows NT 10.0; Win64; x64) AppleWebKit/537.36 (KHTML, like Gecko) Chrome/60.0.3112.113 Safari/537.36"
3.97.210.2 - - [15/Feb/2025:10:08:28 +0530] "GET /career HTTP/1.1" 301 245 "-" "Mozilla/5.0 (Windows NT 10.0; Win64; x64) AppleWebKit/537.36 (KHTML, like Gecko) Chrome/60.0.3112.113 Safari/537.36"
52.26.161.96 - - [15/Feb/2025:10:08:29 +0530] "GET /career HTTP/1.1" 301 245 "-" "Mozilla/5.0 (Windows NT 10.0; Win64; x64) AppleWebKit/537.36 (KHTML, like Gecko) Chrome/60.0.3112.113 Safari/537.36"
112.86.225.174 - - [15/Feb/2025:10:09:17 +0530] "GET / HTTP/1.1" 301 235 "-" "Sogou web spider/4.0(+http://www.sogou.com/docs/help/webmasters.htm#07)"
47.11.129.111 - - [15/Feb/2025:10:10:44 +0530] "GET / HTTP/1.1" 301 231 "https://www.google.com/" "Mozilla/5.0 (iPhone; CPU iPhone OS 17_5_1 like Mac OS X) AppleWebKit/605.1.15 (KHTML, like Gecko) GSA/355.0.723646882 Mobile/15E148 Safari/604.1"
103.51.148.93 - - [15/Feb/2025:10:29:18 +0530] "GET /eye_care.php HTTP/1.1" 301 247 "-" "Mozilla/5.0 (Android 14; Mobile; rv:135.0) Gecko/135.0 Firefox/135.0"
54.36.148.4 - - [15/Feb/2025:10:30:24 +0530] "GET /robots.txt HTTP/1.1" 301 245 "-" "Mozilla/5.0 (compatible; AhrefsBot/7.0; +http://ahrefs.com/robot/)"
3.21.142.42 - - [15/Feb/2025:10:32:26 +0530] "GET /career HTTP/1.1" 301 245 "-" "Mozilla/5.0 (Windows NT 10.0; Win64; x64) AppleWebKit/537.36 (KHTML, like Gecko) Chrome/60.0.3112.113 Safari/537.36"
34.213.174.241 - - [15/Feb/2025:10:32:28 +0530] "GET /career HTTP/1.1" 301 245 "-" "Mozilla/5.0 (Windows NT 10.0; Win64; x64) AppleWebKit/537.36 (KHTML, like Gecko) Chrome/60.0.3112.113 Safari/537.36"
3.97.210.2 - - [15/Feb/2025:10:38:15 +0530] "GET /career HTTP/1.1" 301 245 "-" "Mozilla/5.0 (Windows NT 10.0; Win64; x64) AppleWebKit/537.36 (KHTML, like Gecko) Chrome/60.0.3112.113 Safari/537.36"
3.97.210.2 - - [15/Feb/2025:10:45:07 +0530] "GET /career HTTP/1.1" 301 245 "-" "Mozilla/5.0 (Windows NT 10.0; Win64; x64) AppleWebKit/537.36 (KHTML, like Gecko) Chrome/60.0.3112.113 Safari/537.36"
3.128.63.195 - - [15/Feb/2025:10:47:04 +0530] "GET /career HTTP/1.1" 301 245 "-" "Mozilla/5.0 (Windows NT 10.0; Win64; x64) AppleWebKit/537.36 (KHTML, like Gecko) Chrome/60.0.3112.113 Safari/537.36"
3.98.194.109 - - [15/Feb/2025:10:54:11 +0530] "GET /career HTTP/1.1" 301 245 "-" "Mozilla/5.0 (Windows NT 10.0; Win64; x64) AppleWebKit/537.36 (KHTML, like Gecko) Chrome/60.0.3112.113 Safari/537.36"
54.213.208.138 - - [15/Feb/2025:11:02:01 +0530] "HEAD / HTTP/1.1" 301 - "-" "Mozilla/5.0 (Windows NT 6.2; WOW64) AppleWebKit/537.36 (KHTML, like Gecko) Chrome/29.0.1547.2 Safari/537.36"
34.213.174.241 - - [15/Feb/2025:11:07:13 +0530] "GET /career HTTP/1.1" 301 245 "-" "Mozilla/5.0 (Windows NT 10.0; Win64; x64) AppleWebKit/537.36 (KHTML, like Gecko) Chrome/60.0.3112.113 Safari/537.36"
52.26.161.96 - - [15/Feb/2025:11:07:16 +0530] "GET /career HTTP/1.1" 301 245 "-" "Mozilla/5.0 (Windows NT 10.0; Win64; x64) AppleWebKit/537.36 (KHTML, like Gecko) Chrome/60.0.3112.113 Safari/537.36"
52.26.161.96 - - [15/Feb/2025:11:07:16 +0530] "GET /career HTTP/1.1" 301 245 "-" "Mozilla/5.0 (Windows NT 10.0; Win64; x64) AppleWebKit/537.36 (KHTML, like Gecko) Chrome/60.0.3112.113 Safari/537.36"
52.26.161.96 - - [15/Feb/2025:11:07:17 +0530] "GET /career HTTP/1.1" 301 245 "-" "Mozilla/5.0 (Windows NT 10.0; Win64; x64) AppleWebKit/537.36 (KHTML, like Gecko) Chrome/60.0.3112.113 Safari/537.36"
52.26.161.96 - - [15/Feb/2025:11:07:17 +0530] "GET /career HTTP/1.1" 301 245 "-" "Mozilla/5.0 (Windows NT 10.0; Win64; x64) AppleWebKit/537.36 (KHTML, like Gecko) Chrome/60.0.3112.113 Safari/537.36"
52.26.161.96 - - [15/Feb/2025:11:07:17 +0530] "GET /career HTTP/1.1" 301 245 "-" "Mozilla/5.0 (Windows NT 10.0; Win64; x64) AppleWebKit/537.36 (KHTML, like Gecko) Chrome/60.0.3112.113 Safari/537.36"
52.26.161.96 - - [15/Feb/2025:11:07:18 +0530] "GET /career HTTP/1.1" 301 245 "-" "Mozilla/5.0 (Windows NT 10.0; Win64; x64) AppleWebKit/537.36 (KHTML, like Gecko) Chrome/60.0.3112.113 Safari/537.36"
52.26.161.96 - - [15/Feb/2025:11:07:18 +0530] "GET /career HTTP/1.1" 301 245 "-" "Mozilla/5.0 (Windows NT 10.0; Win64; x64) AppleWebKit/537.36 (KHTML, like Gecko) Chrome/60.0.3112.113 Safari/537.36"
52.26.161.96 - - [15/Feb/2025:11:07:18 +0530] "GET /career HTTP/1.1" 301 245 "-" "Mozilla/5.0 (Windows NT 10.0; Win64; x64) AppleWebKit/537.36 (KHTML, like Gecko) Chrome/60.0.3112.113 Safari/537.36"
52.26.161.96 - - [15/Feb/2025:11:07:19 +0530] "GET /career HTTP/1.1" 301 245 "-" "Mozilla/5.0 (Windows NT 10.0; Win64; x64) AppleWebKit/537.36 (KHTML, like Gecko) Chrome/60.0.3112.113 Safari/537.36"
52.26.161.96 - - [15/Feb/2025:11:07:19 +0530] "GET /career HTTP/1.1" 301 245 "-" "Mozilla/5.0 (Windows NT 10.0; Win64; x64) AppleWebKit/537.36 (KHTML, like Gecko) Chrome/60.0.3112.113 Safari/537.36"
35.245.206.178 - - [15/Feb/2025:11:08:56 +0530] "GET /robots.txt HTTP/1.1" 301 241 "-" "Mozilla/5.0 (compatible; Orbbot/1.1;)"
35.245.206.178 - - [15/Feb/2025:11:08:57 +0530] "GET / HTTP/1.1" 301 231 "-" "Mozilla/5.0 (compatible; Orbbot/1.1;)"
18.219.101.101 - - [15/Feb/2025:11:29:54 +0530] "GET /career HTTP/1.1" 301 245 "-" "Mozilla/5.0 (Windows NT 10.0; Win64; x64) AppleWebKit/537.36 (KHTML, like Gecko) Chrome/60.0.3112.113 Safari/537.36"
52.26.161.96 - - [15/Feb/2025:11:29:54 +0530] "GET /career HTTP/1.1" 301 245 "-" "Mozilla/5.0 (Windows NT 10.0; Win64; x64) AppleWebKit/537.36 (KHTML, like Gecko) Chrome/60.0.3112.113 Safari/537.36"
34.72.183.228 - - [15/Feb/2025:11:33:27 +0530] "GET /media/system/js/core.js HTTP/1.1" 301 258 "-" "Mozilla/5.0 (Macintosh; Intel Mac OS X 10_10_1) AppleWebKit/537.36 (KHTML, like Gecko) Chrome/39.0.2171.95 Safari/537.36"
34.72.183.228 - - [15/Feb/2025:11:33:31 +0530] "GET /wp-includes/js/jquery/jquery.js HTTP/1.1" 301 262 "-" "Mozilla/5.0 (Macintosh; Intel Mac OS X 10_10_1) AppleWebKit/537.36 (KHTML, like Gecko) Chrome/39.0.2171.95 Safari/537.36"
3.128.63.195 - - [15/Feb/2025:11:34:59 +0530] "GET /career HTTP/1.1" 301 245 "-" "Mozilla/5.0 (Windows NT 10.0; Win64; x64) AppleWebKit/537.36 (KHTML, like Gecko) Chrome/60.0.3112.113 Safari/537.36"
3.128.63.195 - - [15/Feb/2025:11:38:37 +0530] "GET /career HTTP/1.1" 301 245 "-" "Mozilla/5.0 (Windows NT 10.0; Win64; x64) AppleWebKit/537.36 (KHTML, like Gecko) Chrome/60.0.3112.113 Safari/537.36"
3.98.194.109 - - [15/Feb/2025:11:38:37 +0530] "GET /career HTTP/1.1" 301 245 "-" "Mozilla/5.0 (Windows NT 10.0; Win64; x64) AppleWebKit/537.36 (KHTML, like Gecko) Chrome/60.0.3112.113 Safari/537.36"
34.68.132.192 - - [15/Feb/2025:11:39:07 +0530] "GET /media/system/js/core.js HTTP/1.1" 301 258 "-" "Mozilla/5.0 (Macintosh; Intel Mac OS X 10_10_1) AppleWebKit/537.36 (KHTML, like Gecko) Chrome/39.0.2171.95 Safari/537.36"
34.68.132.192 - - [15/Feb/2025:11:39:12 +0530] "GET /wp-includes/js/jquery/jquery.js HTTP/1.1" 301 262 "-" "Mozilla/5.0 (Macintosh; Intel Mac OS X 10_10_1) AppleWebKit/537.36 (KHTML, like Gecko) Chrome/39.0.2171.95 Safari/537.36"
192.227.177.139 - - [15/Feb/2025:11:40:05 +0530] "GET /Public/ckeditor/plugins/multiimage/dialogs/image.html HTTP/1.1" 301 288 "-" "Mozilla/5.0 (Windows NT 10.0; Win64; x64) AppleWebKit/537.36 (KHTML, like Gecko) Chrome/90.0.4430.85 Safari/537.36"
205.210.31.56 - - [15/Feb/2025:11:42:11 +0530] "GET / HTTP/1.1" 301 236 "-" "-"
45.84.177.55 - - [15/Feb/2025:11:46:13 +0530] "GET / HTTP/1.0" 301 231 "http://anandaloke.com/" "Mozilla/5.0 (Windows NT 10.0; Win64; x64) AppleWebKit/537.36 (KHTML, like Gecko) Chrome/131.0.0.0 Safari/537.36"
195.191.219.131 - - [15/Feb/2025:11:47:12 +0530] "GET /robots.txt HTTP/1.1" 301 245 "-" "Mozilla/5.0 (compatible; MJ12bot/v1.4.8; http://mj12bot.com/)"
195.191.219.131 - - [15/Feb/2025:11:47:18 +0530] "GET / HTTP/1.1" 301 235 "-" "Mozilla/5.0 (compatible; MJ12bot/v1.4.8; http://mj12bot.com/)"
3.97.210.2 - - [15/Feb/2025:11:49:12 +0530] "GET /career HTTP/1.1" 301 245 "-" "Mozilla/5.0 (Windows NT 10.0; Win64; x64) AppleWebKit/537.36 (KHTML, like Gecko) Chrome/60.0.3112.113 Safari/537.36"
34.213.174.241 - - [15/Feb/2025:11:49:16 +0530] "GET /career HTTP/1.1" 301 245 "-" "Mozilla/5.0 (Windows NT 10.0; Win64; x64) AppleWebKit/537.36 (KHTML, like Gecko) Chrome/60.0.3112.113 Safari/537.36"
34.213.174.241 - - [15/Feb/2025:12:10:13 +0530] "GET /career HTTP/1.1" 301 245 "-" "Mozilla/5.0 (Windows NT 10.0; Win64; x64) AppleWebKit/537.36 (KHTML, like Gecko) Chrome/60.0.3112.113 Safari/537.36"
52.26.161.96 - - [15/Feb/2025:12:10:14 +0530] "GET /career HTTP/1.1" 301 245 "-" "Mozilla/5.0 (Windows NT 10.0; Win64; x64) AppleWebKit/537.36 (KHTML, like Gecko) Chrome/60.0.3112.113 Safari/537.36"
216.244.66.236 - - [15/Feb/2025:12:18:58 +0530] "GET /robots.txt HTTP/1.1" 301 245 "-" "Mozilla/5.0 (compatible; DotBot/1.2; +https://opensiteexplorer.org/dotbot; help@moz.com)"
3.128.63.195 - - [15/Feb/2025:12:24:34 +0530] "GET /career HTTP/1.1" 301 245 "-" "Mozilla/5.0 (Windows NT 10.0; Win64; x64) AppleWebKit/537.36 (KHTML, like Gecko) Chrome/60.0.3112.113 Safari/537.36"
18.219.101.101 - - [15/Feb/2025:12:25:29 +0530] "GET /career HTTP/1.1" 301 245 "-" "Mozilla/5.0 (Windows NT 10.0; Win64; x64) AppleWebKit/537.36 (KHTML, like Gecko) Chrome/60.0.3112.113 Safari/537.36"
3.98.194.109 - - [15/Feb/2025:12:26:05 +0530] "GET /career HTTP/1.1" 301 245 "-" "Mozilla/5.0 (Windows NT 10.0; Win64; x64) AppleWebKit/537.36 (KHTML, like Gecko) Chrome/60.0.3112.113 Safari/537.36"
3.98.194.109 - - [15/Feb/2025:12:28:43 +0530] "GET /career HTTP/1.1" 301 245 "-" "Mozilla/5.0 (Windows NT 10.0; Win64; x64) AppleWebKit/537.36 (KHTML, like Gecko) Chrome/60.0.3112.113 Safari/537.36"
223.109.255.145 - - [15/Feb/2025:12:29:41 +0530] "GET / HTTP/1.1" 301 235 "-" "Sogou web spider/4.0(+http://www.sogou.com/docs/help/webmasters.htm#07)"
18.219.101.101 - - [15/Feb/2025:12:35:20 +0530] "GET /career HTTP/1.1" 301 245 "-" "Mozilla/5.0 (Windows NT 10.0; Win64; x64) AppleWebKit/537.36 (KHTML, like Gecko) Chrome/60.0.3112.113 Safari/537.36"
3.97.210.2 - - [15/Feb/2025:12:35:39 +0530] "GET /career HTTP/1.1" 301 245 "-" "Mozilla/5.0 (Windows NT 10.0; Win64; x64) AppleWebKit/537.36 (KHTML, like Gecko) Chrome/60.0.3112.113 Safari/537.36"
18.118.14.24 - - [15/Feb/2025:12:37:28 +0530] "HEAD /wordpress HTTP/1.1" 301 - "-" "Mozilla/5.0 (Windows NT 10.0; Win64; x64) AppleWebKit/537.36 (KHTML, like Gecko) Chrome/74.0.3729.169 Safari/537.36"
18.118.14.24 - - [15/Feb/2025:12:37:28 +0530] "HEAD / HTTP/1.1" 301 - "-" "Mozilla/5.0 (Windows NT 10.0; Win64; x64) AppleWebKit/537.36 (KHTML, like Gecko) Chrome/74.0.3729.169 Safari/537.36"
18.118.14.24 - - [15/Feb/2025:12:37:28 +0530] "HEAD /wp HTTP/1.1" 301 - "-" "Mozilla/5.0 (Windows NT 10.0; Win64; x64) AppleWebKit/537.36 (KHTML, like Gecko) Chrome/74.0.3729.169 Safari/537.36"
18.118.14.24 - - [15/Feb/2025:12:37:28 +0530] "HEAD /bc HTTP/1.1" 301 - "-" "Mozilla/5.0 (Windows NT 10.0; Win64; x64) AppleWebKit/537.36 (KHTML, like Gecko) Chrome/74.0.3729.169 Safari/537.36"
18.118.14.24 - - [15/Feb/2025:12:37:28 +0530] "HEAD /bk HTTP/1.1" 301 - "-" "Mozilla/5.0 (Windows NT 10.0; Win64; x64) AppleWebKit/537.36 (KHTML, like Gecko) Chrome/74.0.3729.169 Safari/537.36"
18.118.14.24 - - [15/Feb/2025:12:37:29 +0530] "HEAD /backup HTTP/1.1" 301 - "-" "Mozilla/5.0 (Windows NT 10.0; Win64; x64) AppleWebKit/537.36 (KHTML, like Gecko) Chrome/74.0.3729.169 Safari/537.36"
18.118.14.24 - - [15/Feb/2025:12:37:29 +0530] "HEAD /old HTTP/1.1" 301 - "-" "Mozilla/5.0 (Windows NT 10.0; Win64; x64) AppleWebKit/537.36 (KHTML, like Gecko) Chrome/74.0.3729.169 Safari/537.36"
18.118.14.24 - - [15/Feb/2025:12:37:29 +0530] "HEAD /new HTTP/1.1" 301 - "-" "Mozilla/5.0 (Windows NT 10.0; Win64; x64) AppleWebKit/537.36 (KHTML, like Gecko) Chrome/74.0.3729.169 Safari/537.36"
18.118.14.24 - - [15/Feb/2025:12:37:29 +0530] "HEAD /main HTTP/1.1" 301 - "-" "Mozilla/5.0 (Windows NT 10.0; Win64; x64) AppleWebKit/537.36 (KHTML, like Gecko) Chrome/74.0.3729.169 Safari/537.36"
18.118.14.24 - - [15/Feb/2025:12:37:29 +0530] "HEAD /home HTTP/1.1" 301 - "-" "Mozilla/5.0 (Windows NT 10.0; Win64; x64) AppleWebKit/537.36 (KHTML, like Gecko) Chrome/74.0.3729.169 Safari/537.36"
34.213.174.241 - - [15/Feb/2025:12:47:52 +0530] "GET /career HTTP/1.1" 301 245 "-" "Mozilla/5.0 (Windows NT 10.0; Win64; x64) AppleWebKit/537.36 (KHTML, like Gecko) Chrome/60.0.3112.113 Safari/537.36"
52.26.161.96 - - [15/Feb/2025:12:47:53 +0530] "GET /career HTTP/1.1" 301 245 "-" "Mozilla/5.0 (Windows NT 10.0; Win64; x64) AppleWebKit/537.36 (KHTML, like Gecko) Chrome/60.0.3112.113 Safari/537.36"
1.39.126.182 - - [15/Feb/2025:13:00:53 +0530] "GET / HTTP/1.1" 301 231 "-" "Mozilla/5.0 (Linux; Android 10; K) AppleWebKit/537.36 (KHTML, like Gecko) Chrome/133.0.0.0 Mobile Safari/537.36"
34.213.174.241 - - [15/Feb/2025:13:09:00 +0530] "GET /career HTTP/1.1" 301 245 "-" "Mozilla/5.0 (Windows NT 10.0; Win64; x64) AppleWebKit/537.36 (KHTML, like Gecko) Chrome/60.0.3112.113 Safari/537.36"
18.219.101.101 - - [15/Feb/2025:13:11:31 +0530] "GET /career HTTP/1.1" 301 245 "-" "Mozilla/5.0 (Windows NT 10.0; Win64; x64) AppleWebKit/537.36 (KHTML, like Gecko) Chrome/60.0.3112.113 Safari/537.36"
3.98.194.109 - - [15/Feb/2025:13:11:35 +0530] "GET /career HTTP/1.1" 301 245 "-" "Mozilla/5.0 (Windows NT 10.0; Win64; x64) AppleWebKit/537.36 (KHTML, like Gecko) Chrome/60.0.3112.113 Safari/537.36"
34.213.174.241 - - [15/Feb/2025:13:12:54 +0530] "GET /career HTTP/1.1" 301 245 "-" "Mozilla/5.0 (Windows NT 10.0; Win64; x64) AppleWebKit/537.36 (KHTML, like Gecko) Chrome/60.0.3112.113 Safari/537.36"
3.98.194.109 - - [15/Feb/2025:13:12:58 +0530] "GET /career HTTP/1.1" 301 245 "-" "Mozilla/5.0 (Windows NT 10.0; Win64; x64) AppleWebKit/537.36 (KHTML, like Gecko) Chrome/60.0.3112.113 Safari/537.36"
18.219.101.101 - - [15/Feb/2025:13:14:06 +0530] "GET /career HTTP/1.1" 301 245 "-" "Mozilla/5.0 (Windows NT 10.0; Win64; x64) AppleWebKit/537.36 (KHTML, like Gecko) Chrome/60.0.3112.113 Safari/537.36"
3.97.210.2 - - [15/Feb/2025:13:14:07 +0530] "GET /career HTTP/1.1" 301 245 "-" "Mozilla/5.0 (Windows NT 10.0; Win64; x64) AppleWebKit/537.36 (KHTML, like Gecko) Chrome/60.0.3112.113 Safari/537.36"
3.98.194.109 - - [15/Feb/2025:13:18:50 +0530] "GET /career HTTP/1.1" 301 245 "-" "Mozilla/5.0 (Windows NT 10.0; Win64; x64) AppleWebKit/537.36 (KHTML, like Gecko) Chrome/60.0.3112.113 Safari/537.36"
3.98.194.109 - - [15/Feb/2025:13:20:07 +0530] "GET /career HTTP/1.1" 301 245 "-" "Mozilla/5.0 (Windows NT 10.0; Win64; x64) AppleWebKit/537.36 (KHTML, like Gecko) Chrome/60.0.3112.113 Safari/537.36"
3.98.194.109 - - [15/Feb/2025:13:20:19 +0530] "GET /career HTTP/1.1" 301 245 "-" "Mozilla/5.0 (Windows NT 10.0; Win64; x64) AppleWebKit/537.36 (KHTML, like Gecko) Chrome/60.0.3112.113 Safari/537.36"
3.97.210.2 - - [15/Feb/2025:13:26:16 +0530] "GET /career HTTP/1.1" 301 245 "-" "Mozilla/5.0 (Windows NT 10.0; Win64; x64) AppleWebKit/537.36 (KHTML, like Gecko) Chrome/60.0.3112.113 Safari/537.36"
3.97.210.2 - - [15/Feb/2025:13:30:14 +0530] "GET /career HTTP/1.1" 301 245 "-" "Mozilla/5.0 (Windows NT 10.0; Win64; x64) AppleWebKit/537.36 (KHTML, like Gecko) Chrome/60.0.3112.113 Safari/537.36"
52.26.161.96 - - [15/Feb/2025:13:33:21 +0530] "GET /career HTTP/1.1" 301 245 "-" "Mozilla/5.0 (Windows NT 10.0; Win64; x64) AppleWebKit/537.36 (KHTML, like Gecko) Chrome/60.0.3112.113 Safari/537.36"
3.128.63.195 - - [15/Feb/2025:13:34:36 +0530] "GET /career HTTP/1.1" 301 245 "-" "Mozilla/5.0 (Windows NT 10.0; Win64; x64) AppleWebKit/537.36 (KHTML, like Gecko) Chrome/60.0.3112.113 Safari/537.36"
66.249.74.71 - - [15/Feb/2025:13:41:31 +0530] "GET /view-gallery?view=4&name=Anandaloke%20Hospital HTTP/1.1" 301 289 "-" "Mozilla/5.0 (Linux; Android 6.0.1; Nexus 5X Build/MMB29P) AppleWebKit/537.36 (KHTML, like Gecko) Chrome/133.0.6943.53 Mobile Safari/537.36 (compatible; GoogleOther)"
3.97.210.2 - - [15/Feb/2025:13:41:37 +0530] "GET /career HTTP/1.1" 301 245 "-" "Mozilla/5.0 (Windows NT 10.0; Win64; x64) AppleWebKit/537.36 (KHTML, like Gecko) Chrome/60.0.3112.113 Safari/537.36"
3.97.210.2 - - [15/Feb/2025:13:41:38 +0530] "GET /career HTTP/1.1" 301 245 "-" "Mozilla/5.0 (Windows NT 10.0; Win64; x64) AppleWebKit/537.36 (KHTML, like Gecko) Chrome/60.0.3112.113 Safari/537.36"
42.105.39.168 - - [15/Feb/2025:13:41:45 +0530] "GET /career HTTP/1.1" 301 245 "-" "Mozilla/5.0 (Linux; Android 10; M2006C3MII Build/QP1A.190711.020; wv) AppleWebKit/537.36 (KHTML, like Gecko) Version/4.0 Chrome/133.0.6943.89 Mobile Safari/537.36"
3.97.210.2 - - [15/Feb/2025:13:41:48 +0530] "GET /career HTTP/1.1" 301 245 "-" "Mozilla/5.0 (Windows NT 10.0; Win64; x64) AppleWebKit/537.36 (KHTML, like Gecko) Chrome/60.0.3112.113 Safari/537.36"
112.86.225.63 - - [15/Feb/2025:13:48:40 +0530] "GET / HTTP/1.1" 301 231 "-" "Sogou web spider/4.0(+http://www.sogou.com/docs/help/webmasters.htm#07)"
216.244.66.236 - - [15/Feb/2025:13:51:06 +0530] "GET /robots.txt HTTP/1.1" 301 245 "-" "Mozilla/5.0 (compatible; DotBot/1.2; +https://opensiteexplorer.org/dotbot; help@moz.com)"
66.249.74.70 - - [15/Feb/2025:13:56:22 +0530] "GET /view-gallery?view=4&name=Anandaloke%20Hospital HTTP/1.1" 301 289 "-" "Mozilla/5.0 (Linux; Android 6.0.1; Nexus 5X Build/MMB29P) AppleWebKit/537.36 (KHTML, like Gecko) Chrome/133.0.6943.53 Mobile Safari/537.36 (compatible; Googlebot/2.1; +http://www.google.com/bot.html)"
34.213.174.241 - - [15/Feb/2025:14:24:20 +0530] "GET /career HTTP/1.1" 301 245 "-" "Mozilla/5.0 (Windows NT 10.0; Win64; x64) AppleWebKit/537.36 (KHTML, like Gecko) Chrome/60.0.3112.113 Safari/537.36"
113.62.169.130 - - [15/Feb/2025:14:24:23 +0530] "GET / HTTP/1.1" 301 235 "-" "Mozilla/5.0 (iPhone; CPU iPhone OS 13_2_3 like Mac OS X) AppleWebKit/605.1.15 (KHTML, like Gecko) Version/13.0.3 Mobile/15E148 Safari/604.1"
103.10.117.25 - - [15/Feb/2025:14:25:14 +0530] "GET /cpanel HTTP/1.1" 301 - "-" "Mozilla/5.0 (Windows NT 10.0; Win64; x64) AppleWebKit/537.36 (KHTML, like Gecko) Chrome/132.0.0.0 Safari/537.36"
49.44.82.136 - - [15/Feb/2025:14:25:18 +0530] "GET /cpanel HTTP/1.1" 301 - "-" "Mozilla/5.0 (Windows NT 10.0; Win64; x64) AppleWebKit/537.36 (KHTML, like Gecko) Chrome/131.0.0.0 Safari/537.36"
49.44.86.234 - - [15/Feb/2025:14:25:18 +0530] "GET /cpanel HTTP/1.1" 301 - "-" "Mozilla/5.0 (Windows NT 10.0; Win64; x64) AppleWebKit/537.36 (KHTML, like Gecko) Chrome/131.0.0.0 Safari/537.36"
49.44.86.68 - - [15/Feb/2025:14:25:18 +0530] "GET /cpanel HTTP/1.1" 301 - "-" "Mozilla/5.0 (Windows NT 10.0; Win64; x64) AppleWebKit/537.36 (KHTML, like Gecko) Chrome/132.0.0.0 Safari/537.36"
66.249.65.174 - - [15/Feb/2025:14:26:09 +0530] "GET / HTTP/1.1" 301 231 "-" "Mozilla/5.0 (compatible; Googlebot/2.1; +http://www.google.com/bot.html)"
18.219.101.101 - - [15/Feb/2025:14:29:23 +0530] "GET /career HTTP/1.1" 301 245 "-" "Mozilla/5.0 (Windows NT 10.0; Win64; x64) AppleWebKit/537.36 (KHTML, like Gecko) Chrome/60.0.3112.113 Safari/537.36"
3.128.63.195 - - [15/Feb/2025:14:29:24 +0530] "GET /career HTTP/1.1" 301 245 "-" "Mozilla/5.0 (Windows NT 10.0; Win64; x64) AppleWebKit/537.36 (KHTML, like Gecko) Chrome/60.0.3112.113 Safari/537.36"
27.60.183.200 - - [15/Feb/2025:14:29:27 +0530] "GET /career HTTP/1.1" 301 245 "-" "Mozilla/5.0 (Linux; Android 12; V2022 Build/SP1A.210812.003; wv) AppleWebKit/537.36 (KHTML, like Gecko) Version/4.0 Chrome/132.0.6834.163 Mobile Safari/537.36"
3.21.142.42 - - [15/Feb/2025:14:29:30 +0530] "GET /career HTTP/1.1" 301 245 "-" "Mozilla/5.0 (Windows NT 10.0; Win64; x64) AppleWebKit/537.36 (KHTML, like Gecko) Chrome/60.0.3112.113 Safari/537.36"
18.219.101.101 - - [15/Feb/2025:14:30:42 +0530] "GET /career HTTP/1.1" 301 245 "-" "Mozilla/5.0 (Windows NT 10.0; Win64; x64) AppleWebKit/537.36 (KHTML, like Gecko) Chrome/60.0.3112.113 Safari/537.36"
52.26.161.96 - - [15/Feb/2025:14:30:44 +0530] "GET /career HTTP/1.1" 301 245 "-" "Mozilla/5.0 (Windows NT 10.0; Win64; x64) AppleWebKit/537.36 (KHTML, like Gecko) Chrome/60.0.3112.113 Safari/537.36"
66.249.74.69 - - [15/Feb/2025:14:31:08 +0530] "GET / HTTP/1.1" 301 235 "-" "Mozilla/5.0 (compatible; Googlebot/2.1; +http://www.google.com/bot.html)"
18.219.101.101 - - [15/Feb/2025:14:36:34 +0530] "GET /career HTTP/1.1" 301 245 "-" "Mozilla/5.0 (Windows NT 10.0; Win64; x64) AppleWebKit/537.36 (KHTML, like Gecko) Chrome/60.0.3112.113 Safari/537.36"
52.26.161.96 - - [15/Feb/2025:14:36:54 +0530] "GET /career HTTP/1.1" 301 245 "-" "Mozilla/5.0 (Windows NT 10.0; Win64; x64) AppleWebKit/537.36 (KHTML, like Gecko) Chrome/60.0.3112.113 Safari/537.36"
3.128.63.195 - - [15/Feb/2025:14:37:00 +0530] "GET /career HTTP/1.1" 301 245 "-" "Mozilla/5.0 (Windows NT 10.0; Win64; x64) AppleWebKit/537.36 (KHTML, like Gecko) Chrome/60.0.3112.113 Safari/537.36"
34.213.174.241 - - [15/Feb/2025:14:37:03 +0530] "GET /career HTTP/1.1" 301 245 "-" "Mozilla/5.0 (Windows NT 10.0; Win64; x64) AppleWebKit/537.36 (KHTML, like Gecko) Chrome/60.0.3112.113 Safari/537.36"
18.219.101.101 - - [15/Feb/2025:14:50:12 +0530] "GET /career HTTP/1.1" 301 245 "-" "Mozilla/5.0 (Windows NT 10.0; Win64; x64) AppleWebKit/537.36 (KHTML, like Gecko) Chrome/60.0.3112.113 Safari/537.36"
52.26.161.96 - - [15/Feb/2025:14:52:18 +0530] "GET /career HTTP/1.1" 301 245 "-" "Mozilla/5.0 (Windows NT 10.0; Win64; x64) AppleWebKit/537.36 (KHTML, like Gecko) Chrome/60.0.3112.113 Safari/537.36"
52.26.161.96 - - [15/Feb/2025:14:52:27 +0530] "GET /career HTTP/1.1" 301 245 "-" "Mozilla/5.0 (Windows NT 10.0; Win64; x64) AppleWebKit/537.36 (KHTML, like Gecko) Chrome/60.0.3112.113 Safari/537.36"
52.26.161.96 - - [15/Feb/2025:14:52:27 +0530] "GET /career HTTP/1.1" 301 245 "-" "Mozilla/5.0 (Windows NT 10.0; Win64; x64) AppleWebKit/537.36 (KHTML, like Gecko) Chrome/60.0.3112.113 Safari/537.36"
3.98.194.109 - - [15/Feb/2025:14:57:03 +0530] "GET /career HTTP/1.1" 301 245 "-" "Mozilla/5.0 (Windows NT 10.0; Win64; x64) AppleWebKit/537.36 (KHTML, like Gecko) Chrome/60.0.3112.113 Safari/537.36"
3.98.194.109 - - [15/Feb/2025:14:58:33 +0530] "GET /career HTTP/1.1" 301 245 "-" "Mozilla/5.0 (Windows NT 10.0; Win64; x64) AppleWebKit/537.36 (KHTML, like Gecko) Chrome/60.0.3112.113 Safari/537.36"
18.219.101.101 - - [15/Feb/2025:14:58:35 +0530] "GET /career HTTP/1.1" 301 245 "-" "Mozilla/5.0 (Windows NT 10.0; Win64; x64) AppleWebKit/537.36 (KHTML, like Gecko) Chrome/60.0.3112.113 Safari/537.36"
